******************************************************************************
            TI ARM Clang Linker Unix v3.2.1                    
******************************************************************************
>> Linked Mon Apr  8 10:00:15 2024

OUTPUT FILE NAME:   </nightlybuild/repo_manifests/scripts/jenkins/ti-processor-sdk-rtos-j721s2-09_02_00_30/pdk_j721s2_09_02_00_30/packages/ti/board/utils/uniflash/target/bin/j721s2_evm/uart_j721s2_evm_flash_programmer_release.xer5f>
ENTRY POINT SYMBOL: "_resetvectors"  address: 41c00100


MEMORY CONFIGURATION

         name            origin    length      used     unused   attr    fill
----------------------  --------  ---------  --------  --------  ----  --------
  RESET_VECTORS         41c00100   00000100  00000070  00000090     X
  OCMRAM                41c00200   0007fe00  0005312a  0002ccd6  RWIX
  OCMRAM_SYSFW          41c80000   00042000  00000008  00041ff8  RWIX


SEGMENT ALLOCATION MAP

run origin  load origin   length   init length attrs members
----------  ----------- ---------- ----------- ----- -------
41c00100    41c00100    00000070   00000070    r-x
  41c00100    41c00100    00000040   00000040    r-x .rstvectors
  41c00140    41c00140    00000030   00000030    r-x .utilsCopyVecsToAtcm
41c00200    41c00200    0002e480   0002e480    r-x
  41c00200    41c00200    00023b20   00023b20    r-x .text
  41c23d20    41c23d20    0000a960   0000a960    r-- .rodata
41c2e680    41c2e680    0000a800   00000000    rw-
  41c2e680    41c2e680    0000a800   00000000    rw- .data
41c38e80    41c38e80    00000010   00000010    r--
  41c38e80    41c38e80    00000010   00000010    r-- .const
41c38f00    41c38f00    00007d3a   00000000    rw-
  41c38f00    41c38f00    00007d3a   00000000    rw- .bss
41c40c3c    41c40c3c    00003c6c   00003c6c    r--
  41c40c3c    41c40c3c    00003c6c   00003c6c    r-- .const.devgroup.MAIN
41c448a8    41c448a8    00002000   00000000    rw-
  41c448a8    41c448a8    00002000   00000000    rw- .sysmem
41c46900    41c46900    00001200   00001200    r--
  41c46900    41c46900    00001200   00001200    r-- .boardcfg_data
41c47b00    41c47b00    00001130   00000000    rw-
  41c47b00    41c47b00    00001130   00000000    rw- .bss.devgroup.MAIN
41c48c30    41c48c30    00000fd0   00000fd0    r-x
  41c48c30    41c48c30    00000960   00000960    r-- .const.devgroup.MCU_WAKEUP
  41c49590    41c49590    00000358   00000358    r-x .startupCode
  41c498e8    41c498e8    00000318   00000318    r-- .startupData
41c49c00    41c49c00    00000294   00000000    rw-
  41c49c00    41c49c00    00000294   00000000    rw- .bss.devgroup.MCU_WAKEUP
41c49e98    41c49e98    00002560   00002560    r-x
  41c49e98    41c49e98    00000100   00000100    r-x .bootCode
  41c49f98    41c49f98    00002460   00002460    r-- .cinit
41c79000    41c79000    00005000   00000000    r--
  41c79000    41c79000    00000800   00000000    r-- .undStack
  41c79800    41c79800    00002000   00000000    r-- .svcStac
  41c7b800    41c7b800    00001000   00000000    r-- .irqStack
  41c7c800    41c7c800    00001000   00000000    r-- .fiqStack
  41c7d800    41c7d800    00000800   00000000    r-- .abortStack
41c7e000    41c7e000    00002008   00000000    rw-
  41c7e000    41c7e000    00002000   00000000    rw- .stack
  41c80000    41c80000    00000008   00000000    rw- .firmware


SECTION ALLOCATION MAP

 output                                  attributes/
section   page    origin      length       input sections
--------  ----  ----------  ----------   ----------------
.rstvectors 
*          0    41c00100    00000040     
                  41c00100    00000040     ti.csl.init.aer5f : resetvecs.oer5f (.rstvectors)

.text      0    41c00200    00023b20     
                  41c00200    00000fe4     libc.a : _printfi.c.obj (.text:__TI_printfi)
                  41c011e4    00000d0a     ti.drv.mmcsd.aer5f : MMCSD_v2.oer5f (.text.MMCSD_v2_open)
                  41c01eee    00000b32     udma.aer5f : udma_event.oer5f (.text.Udma_eventRegister)
                  41c02a20    0000099e                : udma_ch.oer5f (.text.Udma_chOpen)
                  41c033be    0000095e                : udma_ch.oer5f (.text.Udma_chDisable)
                  41c03d1c    0000092c     ti.drv.mmcsd.aer5f : MMCSD_v2.oer5f (.text.MMCSD_v2_transfer)
                  41c04648    000007ca     rm_pm_hal.aer5f : pll.oer5f (.text.pll_calc)
                  41c04e12    00000686                     : rm_udmap.oer5f (.text.rm_udmap_flow_cfg)
                  41c05498    00000660     sciclient_direct.aer5f : sciclient_rm_irq.oer5f (.text.Sciclient_rmIrqFindRoute)
                  41c05af8    00000610     ti.board.aer5f : nor_spi_phy_tune.oer5f (.text.Nor_spiPhyDdrTune)
                  41c06108    00000602     udma.aer5f : udma_event.oer5f (.text.Udma_eventUnRegister)
                  41c0670a    000005e0     rm_pm_hal.aer5f : rm_udmap.oer5f (.text.rm_udmap_tx_ch_cfg)
                  41c06cea    000005ae                     : rm_udmap.oer5f (.text.rm_udmap_rx_ch_cfg)
                  41c07298    00000508     ti.drv.spi.dma.aer5f : OSPI_v0.oer5f (.text.OSPI_transfer_v0)
                  41c077a0    000004b4     rm_pm_hal.aer5f : psc.oer5f (.text.lpsc_module_sync_state)
                  41c07c54    0000045c     ti.drv.i2c.aer5f : I2C_v1.oer5f (.text.I2C_primeTransfer_v1)
                  41c080b0    00000446     xmodem.oer5f (.text.UFP_xModemXipFileReceive)
                  41c084f6    00000432     udma.aer5f : udma_ch.oer5f (.text.Udma_chEnable)
                  41c08928    0000040a                : udma_ring_common.oer5f (.text.Udma_ringAlloc)
                  41c08d32    000003d4     rm_pm_hal.aer5f : clk_pll_16fft.oer5f (.text.clk_pll_16fft_init)
                  41c09106    0000036c     sciclient_direct.aer5f : sciclient.oer5f (.text.Sciclient_serviceSecureProxy)
                  41c09472    00000002     ti.board.aer5f : board_utils.oer5f (.text.Board_restoreRATCfg)
                  41c09474    0000031c     rm_pm_hal.aer5f : rm_ra.oer5f (.text.rm_ra_cfg)
                  41c09790    0000031c                     : rm_udmap.oer5f (.text.rm_udmap_flow_size_thresh_cfg)
                  41c09aac    000002fe     ti.drv.mmcsd.aer5f : MMCSD_v2.oer5f (.text.MMCSD_switch_eMMC_mode)
                  41c09daa    000002e4     ti.board.aer5f : board_ddr.oer5f (.text.Board_DDRInit)
                  41c0a08e    000002dc     sciclient_direct.aer5f : sciclient_rm_irq.oer5f (.text.Sciclient_rmIrqGetRoute)
                  41c0a36a    000002ce     rm_pm_hal.aer5f : clk_pll_16fft.oer5f (.text.clk_pll_16fft_hsdiv_set_freq)
                  41c0a638    000002c0                     : pll.oer5f (.text.pll_consider)
                  41c0a8f8    000002a6                     : device_clk.oer5f (.text.dev_clk_set_freq)
                  41c0ab9e    0000029e                     : clk_div.oer5f (.text.clk_div_set_freq)
                  41c0ae3c    0000029c     ti.board.aer5f : nand_ospi.oer5f (.text.Nand_ospiOpen)
                  41c0b0d8    00000294     ti.csl.aer5f : csl_arm_r5.oer5f (.text)
                  41c0b36c    00000290     rm_pm_hal.aer5f : clk_pll_16fft.oer5f (.text.clk_pll_16fft_program_freq)
                  41c0b5fc    00000004     ti.csl.aer5f : csl_ospi.oer5f (.text.CSL_ospiIntrClear)
                  41c0b600    00000280     libc.a : _printfi.c.obj (.text._pconv_a)
                  41c0b880    0000027e     ti.drv.spi.dma.aer5f : OSPI_v0.oer5f (.text.OSPI_open_v0)
                  41c0bafe    0000027c     rm_pm_hal.aer5f : rm_irq.oer5f (.text.rm_irq_release)
                  41c0bd7a    00000002     ti.board.aer5f : board_utils.oer5f (.text.Board_setRATCfg)
                  41c0bd7c    00000270     ti.csl.aer5f : mmcsd.oer5f (.text.HSMMCSDHostCapabilityGet)
                  41c0bfec    0000026c     ti.board.aer5f : board_mmr.oer5f (.text.Board_unlockMMR)
                  41c0c258    0000025a     ti.drv.uart.aer5f : UART_v1.oer5f (.text.UART_open_v1)
                  41c0c4b2    00000256     ti.drv.mmcsd.aer5f : MMCSD_v2.oer5f (.text.MMCSD_v2_hwiFxn)
                  41c0c708    00000250                        : MMCSD_v2.oer5f (.text.MMCSD_switch_card_speed)
                  41c0c958    00000250     udma.aer5f : udma_rm.oer5f (.text.Udma_rmAllocExtCh)
                  41c0cba8    00000246     xmodem.oer5f (.text.UFP_xModemFileReceive)
                  41c0cdee    00000244     rm_pm_hal.aer5f : rm_irq.oer5f (.text.rm_irq_set)
                  41c0d032    00000240     sciclient_direct.aer5f : sciclient_rm_irq.oer5f (.text.Sciclient_rmProgramInterruptRoute)
                  41c0d272    0000023e     udma.aer5f : udma_event.oer5f (.text.Udma_eventFreeResource)
                  41c0d4b0    00000238     libc.a : _printfi.c.obj (.text._pconv_g)
                  41c0d6e8    00000226     udma.aer5f : udma_ch.oer5f (.text.Udma_chConfigRx)
                  41c0d90e    0000021a     ti.board.aer5f : board_flash.oer5f (.text.Board_flashOpen)
                  41c0db28    00000216     uart_main.oer5f (.text.main)
                  41c0dd3e    00000204     sciclient_direct.aer5f : sciclient_direct.oer5f (.text.Sciclient_service)
                  41c0df42    00000002     ti.drv.spi.dma.aer5f : OSPI_v0.oer5f (.text.OSPI_transferCancel_v0)
                  41c0df44    00000202                          : OSPI_v0.oer5f (.text.OSPI_control_v0)
                  41c0e146    0000001a     ti.csl.aer5f : csl_dru.oer5f (.text.CSL_druChIsTeardownComplete)
                  41c0e160    00000202                  : interrupt_handlers.oer5f (.text.hwi)
                  41c0e362    00000200     ti.drv.i2c.aer5f : I2C_v1.oer5f (.text.I2C_v1_hwiFxn)
                  41c0e562    00000002     xmodem.oer5f (.text.delay)
                  41c0e564    000001f2     ti.drv.mmcsd.aer5f : MMCSD_v2.oer5f (.text.MMCSD_v2_control)
                  41c0e756    000001ec     ti.board.aer5f : nor_xspi.oer5f (.text.Nor_xspiOpen)
                  41c0e942    000001d8     ti.drv.mmcsd.aer5f : MMCSD_soc.oer5f (.text.MMCSD_configSocIntrPath)
                  41c0eb1a    000001d2     sciclient_direct.aer5f : sciclient_rm_irq.oer5f (.text.Sciclient_rmClearInterruptRoute)
                  41c0ecec    000001d0     libclang_rt.builtins.a : udivsi3.S.obj (.text.__udivsi3)
                  41c0eebc    000001ca     ti.csl.aer5f : csl_bcdma.oer5f (.text.CSL_bcdmaChanOp)
                  41c0f086    000001c4     ti.board.aer5f : nor_qspi.oer5f (.text.Nor_qspiOpen)
                  41c0f24a    000001c2     sciclient_direct.aer5f : sciclient.oer5f (.text.Sciclient_init)
                  41c0f40c    000001be     rm_pm_hal.aer5f : psc.oer5f (.text.psc_pre_init)
                  41c0f5ca    000001ba     ti.csl.aer5f : csl_bcdma.oer5f (.text.CSL_bcdmaChanOpCfgChan)
                  41c0f784    000001b8     ti.drv.uart.aer5f : UART_v1.oer5f (.text.UART_v1_hwiIntFxn)
                  41c0f93c    000001b6     ti.board.aer5f : nand_ospi.oer5f (.text.Nand_ospiRead)
                  41c0faf2    00000002     rm_pm_hal.aer5f : ioremap.oer5f (.text.ioremap_internal)
                  41c0faf4    000001b4     ti.csl.init.aer5f : handlers.oer5f (.text.hwi)
                  41c0fca8    000001b0     sciclient_direct.aer5f : sciclient_direct.oer5f (.text.Sciclient_ProcessPmMessage)
                  41c0fe58    000001aa     rm_pm_hal.aer5f : device.oer5f (.text.devices_init)
                  41c10002    00000190     xmodem.oer5f (.text.UFP_xModemFirmwareReceive)
                  41c10192    00000184     udma.aer5f : udma_rm.oer5f (.text.Udma_rmFreeExtCh)
                  41c10316    00000002     rm_pm_hal.aer5f : map.oer5f (.text.u32_get_bytes)
                  41c10318    00000180     libc.a : memcpy32.S.obj (.text:memcpy)
                  41c10498    00000174     ti.board.aer5f : board_pll.oer5f (.text.Board_PLLInit)
                  41c1060c    00000174     udma.aer5f : udma_ch.oer5f (.text.Udma_chClose)
                  41c10780    00000172     rm_pm_hal.aer5f : clk.oer5f (.text.clk_init)
                  41c108f2    00000006     ti.csl.aer5f : csl_ospi.oer5f (.text.CSL_ospiIsIdle)
                  41c108f8    0000016c     ti.board.aer5f : nor_spi_phy_tune.oer5f (.text.Nor_spiPhySdrTune)
                  41c10a64    0000016a     ti.drv.i2c.aer5f : I2C_v1.oer5f (.text.I2C_open_v1)
                  41c10bce    00000166     ti.board.aer5f : nand_ospi.oer5f (.text.Nand_ospiWrite)
                  41c10d34    0000015c     ti.drv.i2c.aer5f : I2C_v1.oer5f (.text.I2C_v1_control)
                  41c10e90    00000158     sciclient_direct.aer5f : sciclient_rm_irq.oer5f (.text.Sciclient_rmIrqDeleteRoute)
                  41c10fe8    00000156     udma.aer5f : udma_rm.oer5f (.text.Udma_rmAllocRxCh)
                  41c1113e    00000156                : udma_rm.oer5f (.text.Udma_rmAllocTxCh)
                  41c11294    00000156     rm_pm_hal.aer5f : rm_udmap.oer5f (.text.rm_udmap_gcfg_cfg)
                  41c113ea    00000154     soc.oer5f (.text.UFP_sciclientInit)
                  41c1153e    00000152     udma.aer5f : udma_ch.oer5f (.text.Udma_chConfigTx)
                  41c11690    00000152                : udma_rm.oer5f (.text.Udma_rmAllocIrIntr)
                  41c117e2    00000006     ti.osal.aer5f : CacheP_nonos.oer5f (.text.CacheP_Inv)
                  41c117e8    00000150     libc.a : s_scalbn.c.obj (.text.scalbn)
                  41c11938    0000014e     udma.aer5f : udma_rm.oer5f (.text.Udma_rmAllocBlkCopyCh)
                  41c11a86    0000014e                : udma_rm.oer5f (.text.Udma_rmAllocBlkCopyHcCh)
                  41c11bd4    0000014e                : udma_rm.oer5f (.text.Udma_rmAllocBlkCopyUhcCh)
                  41c11d22    0000014e                : udma_rm.oer5f (.text.Udma_rmAllocRxHcCh)
                  41c11e70    0000014e                : udma_rm.oer5f (.text.Udma_rmAllocRxUhcCh)
                  41c11fbe    0000014e                : udma_rm.oer5f (.text.Udma_rmAllocTxHcCh)
                  41c1210c    0000014e                : udma_rm.oer5f (.text.Udma_rmAllocTxUhcCh)
                  41c1225a    0000014e                : udma_rm.oer5f (.text.Udma_rmFreeEvent)
                  41c123a8    0000014e                : udma_rm.oer5f (.text.Udma_rmFreeRxCh)
                  41c124f6    0000014e                : udma_rm.oer5f (.text.Udma_rmFreeTxCh)
                  41c12644    0000014e                : udma_rm.oer5f (.text.Udma_rmFreeVintr)
                  41c12792    0000014c                : udma_rm.oer5f (.text.Udma_rmFreeIrIntr)
                  41c128de    0000014c     rm_pm_hal.aer5f : psc.oer5f (.text.psc_uninit)
                  41c12a2a    0000014a     udma.aer5f : udma_rm.oer5f (.text.Udma_rmFreeBlkCopyCh)
                  41c12b74    0000014a                : udma_rm.oer5f (.text.Udma_rmFreeBlkCopyHcCh)
                  41c12cbe    0000014a                : udma_rm.oer5f (.text.Udma_rmFreeBlkCopyUhcCh)
                  41c12e08    0000014a                : udma_rm.oer5f (.text.Udma_rmFreeRxHcCh)
                  41c12f52    0000014a                : udma_rm.oer5f (.text.Udma_rmFreeRxUhcCh)
                  41c1309c    0000014a                : udma_rm.oer5f (.text.Udma_rmFreeTxHcCh)
                  41c131e6    0000014a                : udma_rm.oer5f (.text.Udma_rmFreeTxUhcCh)
                  41c13330    00000148     sciclient_direct.aer5f : sciclient_rm_irq.oer5f (.text.Sciclient_rmIrqProgramRoute)
                  41c13478    00000148     libc.a : _printfi.c.obj (.text.fcvt)
                  41c135c0    00000146     rm_pm_hal.aer5f : clk_pll_16fft.oer5f (.text.clk_pll_16fft_get_freq)
                  41c13706    00000142     ti.drv.spi.dma.aer5f : OSPI_v0.oer5f (.text.OSPI_hwiFxn_v0)
                  41c13848    00000140     udma.aer5f : udma_flow.oer5f (.text.Udma_flowConfig)
                  41c13988    00000140     libc.a : _printfi.c.obj (.text._pconv_e)
                  41c13ac8    0000013c     ti.osal.aer5f : Arch_util.oer5f (.text.OsalArch_HwiPCreate)
                  41c13c04    00000138     rm_pm_hal.aer5f : device_clk.oer5f (.text.device_clk_get_parent)
                  41c13d3c    00000132     ti.board.aer5f : nor_spi_phy_tune.oer5f (.text.NOR_spiPhyFindRxWindow)
                  41c13e6e    0000012c     sciclient_direct.aer5f : sciclient_direct.oer5f (.text.Sciclient_ProcessRmMessage)
                  41c13f9a    0000012c     ti.csl.aer5f : uart.oer5f (.text.UARTFIFOConfig)
                  41c140c6    0000012c     rm_pm_hal.aer5f : device_clk.oer5f (.text.device_clk_set_gated)
                  41c141f2    0000012a                     : rm_udmap.oer5f (.text.udmap_oes_index_validate)
                  41c1431c    00000128     ti.csl.aer5f : mmcsdphy.oer5f (.text.HSMMCSDPhyConfigure)
                  41c14444    00000128     rm_pm_hal.aer5f : clk_pll_16fft.oer5f (.text.clk_pll_16fft_internal_set_freq)
                  41c1456c    00000122     ti.board.aer5f : board_ethernet_config.oer5f (.text.Board_cpsw2gEthPhyConfig)
                  41c1468e    00000120     udma.aer5f : udma_ch.oer5f (.text.Udma_chFreeResource)
                  41c147ae    00000002     --HOLE-- [fill = 00000000]
                  41c147b0    00000118     libclang_rt.builtins.a : udivmoddi4.S.obj (.text)
                  41c148c8    00000116     ti.board.aer5f : board_ethernet_config.oer5f (.text.Board_cpsw2gMainEthPhyConfig)
                  41c149de    00000110                    : nor_xspi.oer5f (.text.Nor_xspiWrite)
                  41c14aee    00000110     udma.aer5f : udma_rm.oer5f (.text.Udma_rmAllocFreeRing)
                  41c14bfe    00000110     rm_pm_hal.aer5f : clk_mux.oer5f (.text.clk_set_parent)
                  41c14d0e    0000010a     udma.aer5f : udma_rm.oer5f (.text.Udma_rmFreeFreeRing)
                  41c14e18    00000108     rm_pm_hal.aer5f : psc.oer5f (.text.psc_pd_get)
                  41c14f20    00000106                     : rm_ra.oer5f (.text.ra_set_ring_evt)
                  41c15026    00000106     ti.csl.aer5f : csl_arm_r5_pmu.oer5f (.text)
                  41c1512c    00000104     ti.board.aer5f : board_flash.oer5f (.text.Board_flashEraseBlk)
                  41c15230    00000104     udma.aer5f : udma_rm.oer5f (.text.Udma_rmFreeVintrBit)
                  41c15334    00000104     rm_pm_hal.aer5f : rm_ra.oer5f (.text.ra_get_ring_evt)
                  41c15438    00000102     ti.drv.i2c.aer5f : I2C_v1.oer5f (.text.I2C_transfer_v1)
                  41c1553a    000000fe     ti.board.aer5f : board_flash.oer5f (.text.Board_flashRead)
                  41c15638    000000fe                    : nor_xspi.oer5f (.text.Nor_ospiSetOpcode)
                  41c15736    000000fe     rm_pm_hal.aer5f : rm_ir.oer5f (.text.rm_ir_configure)
                  41c15834    000000fc     ti.board.aer5f : board_flash.oer5f (.text.Board_flashWrite)
                  41c15930    000000fc     rm_pm_hal.aer5f : clk_pll_16fft.oer5f (.text.clk_pll_16fft_wait_for_lock)
                  41c15a2c    000000f8                     : rm_ia.oer5f (.text.ia_validate_evt)
                  41c15b24    000000f6     ti.drv.mmcsd.aer5f : MMCSD_v2.oer5f (.text.MMCSD_v2_write)
                  41c15c1a    000000f6     rm_pm_hal.aer5f : map.oer5f (.text.map_add)
                  41c15d10    000000f4     ti.drv.mmcsd.aer5f : MMCSD_v2.oer5f (.text.MMCSD_v2_read)
                  41c15e04    000000f4     rm_pm_hal.aer5f : clk_div.oer5f (.text.clk_div_notify_freq)
                  41c15ef8    000000f4                     : psc.oer5f (.text.psc_post_init)
                  41c15fec    000000f2     sciclient_direct.aer5f : sciclient_rom.oer5f (.text.Sciclient_loadFirmware)
                  41c160de    000000f2     rm_pm_hal.aer5f : rm_udmap.oer5f (.text.rm_udmap_is_managed_resasg_utype)
                  41c161d0    000000ec     ti.board.aer5f : board_init.oer5f (.text.Board_init)
                  41c162bc    000000ec     rm_pm_hal.aer5f : dmsc.oer5f (.text.j721s2_sys_reset_handler)
                  41c163a8    000000ea     sciclient_direct.aer5f : sciclient_direct.oer5f (.text.Sciclient_boardCfgParseHeader)
                  41c16492    000000ea     rm_pm_hal.aer5f : rm_ia.oer5f (.text.rm_ia_init)
                  41c1657c    000000e8                     : device_psc.oer5f (.text.soc_device_init)
                  41c16664    000000e6     ti.drv.spi.dma.aer5f : OSPI_dma.oer5f (.text.OSPI_dmaIsrHandler)
                  41c1674a    000000e6     udma.aer5f : udma_rm.oer5f (.text.Udma_rmAllocEvent)
                  41c16830    000000e6                : udma_rm.oer5f (.text.Udma_rmAllocVintr)
                  41c16916    000000e6     rm_pm_hal.aer5f : device_process.oer5f (.text.set_device_handler)
                  41c169fc    000000e4     ti.board.aer5f : board_flash.oer5f (.text.Board_flashOffsetToBlkPage)
                  41c16ae0    000000dc                    : board_power.oer5f (.text.Board_pmPowerOff)
                  41c16bbc    000000da     ti.drv.uart.aer5f : UART_v1.oer5f (.text.UART_readPolling_v1)
                  41c16c96    000000d6                       : UART_v1.oer5f (.text.UART_write2_v1)
                  41c16d6c    000000d6     ospi.oer5f (.text.UFP_ospiFlashImage)
                  41c16e42    000000d6     rm_pm_hal.aer5f : clk_div.oer5f (.text.clk_div_set_freq_static_parent)
                  41c16f18    000000d4     ti.board.aer5f : nor_qspi.oer5f (.text.Nor_qspiErase)
                  41c16fec    000000d4     udma.aer5f : udma_ring_common.oer5f (.text.Udma_ringCheckParams)
                  41c170c0    000000d4     rm_pm_hal.aer5f : clk_div.oer5f (.text.clk_div_reg_go_set_div)
                  41c17194    000000d4                     : clk.oer5f (.text.clk_set_freq)
                  41c17268    000000d4                     : div64.oer5f (.text.pm_div64)
                  41c1733c    000000d2                     : clk_pll_16fft.oer5f (.text.clk_pll_16fft_set_freq)
                  41c1740e    000000d2                     : device_pm.oer5f (.text.device_set_state)
                  41c174e0    000000d0     ospi_nand.oer5f (.text.UFP_ospiNandFlashImage)
                  41c175b0    000000d0     rm_pm_hal.aer5f : rm_udmap.oer5f (.text.udmap_set_ch_evt)
                  41c17680    000000c8     udma.aer5f : udma_rm.oer5f (.text.Udma_rmAllocVintrBit)
                  41c17748    000000c8     rm_pm_hal.aer5f : boardcfg-user.oer5f (.text.boardcfg_rm_receive_and_validate)
                  41c17810    000000c8                     : psc.oer5f (.text.psc_pd_put)
                  41c178d8    000000c8                     : rm_udmap.oer5f (.text.udmap_get_ch_evt)
                  41c179a0    000000c6     sciclient_direct.aer5f : sciclient_rm_irq.oer5f (.text.Sciclient_rmIaValidateMapping)
                  41c17a66    000000c4     ti.drv.i2c.aer5f : I2C_soc.oer5f (.text.I2C_configSocIntrPath)
                  41c17b2a    000000c4     ti.drv.uart.aer5f : UART_v1.oer5f (.text.UART_read2_v1)
                  41c17bee    000000c4     rm_pm_hal.aer5f : device_clk.oer5f (.text.device_clk_set_parent)
                  41c17cb2    000000c2     ti.csl.aer5f : csl_bcdma.oer5f (.text.CSL_bcdmaChanOpTeardownChan)
                  41c17d74    000000c2     ti.board.aer5f : nand_ospi.oer5f (.text.Nand_ospiWaitReady)
                  41c17e36    000000c2                    : nor_qspi.oer5f (.text.Nor_qspiWrite)
                  41c17ef8    000000c2     ti.csl.aer5f : uart.oer5f (.text.UARTDivisorLatchWrite)
                  41c17fba    000000c0     ti.drv.i2c.aer5f : I2C_v1.oer5f (.text.I2C_v1_resetCtrl)
                  41c1807a    000000be     ti.board.aer5f : board_lld_init.oer5f (.text.Board_uartStdioInit)
                  41c18138    000000bc     sciclient_direct.aer5f : sciclient_pm.oer5f (.text.Sciclient_pmQueryModuleClkFreq)
                  41c181f4    000000bc     libc.a : _printfi.c.obj (.text._mcpy)
                  41c182b0    000000ba     ti.board.aer5f : board_ddr.oer5f (.text.Board_DDRInfoHandler)
                  41c1836a    000000ba                    : nor_xspi.oer5f (.text.Nor_xspiErase)
                  41c18424    000000b8                    : board_flash.oer5f (.text.Board_flashClose)
                  41c184dc    000000b6     soc.oer5f (.text.UFP_socInit)
                  41c18592    000000b6     rm_pm_hal.aer5f : clk_mux_j7_dpi.oer5f (.text.clk_mux_j7_dpi_3_pclk_set_parent)
                  41c18648    000000b6                     : clock.oer5f (.text.query_freq_handler)
                  41c186fe    000000b6                     : rm_ra.oer5f (.text.rm_ra_init)
                  41c187b4    000000b4     ti.csl.aer5f : mmcsd.oer5f (.text.HSMMCSDBusFreqSet)
                  41c18868    000000b4     ti.osal.aer5f : SemaphoreP_nonos.oer5f (.text.SemaphoreP_create)
                  41c1891c    000000b4     rm_pm_hal.aer5f : clock.oer5f (.text.get_clock_handler)
                  41c189d0    000000b4     libc.a : copy_decompress_lzss.c.obj (.text:decompress:lzss)
                  41c18a84    000000b2     ti.board.aer5f : board_pinmux.oer5f (.text.Board_pinmuxUpdate)
                  41c18b36    000000b2     rm_pm_hal.aer5f : device_prepare.oer5f (.text.device_prepare)
                  41c18be8    000000b2                     : psc.oer5f (.text.lpsc_module_wait)
                  41c18c9a    000000b2                     : mmr_lock.oer5f (.text.mmr_unlock_all)
                  41c18d4c    000000b0                     : rm_core.oer5f (.text.rm_core_init)
                  41c18dfc    000000ae     ti.board.aer5f : board_lld_init.oer5f (.text.Board_i2cInit)
                  41c18eaa    000000ae     ti.drv.mmcsd.aer5f : MMCSD_v2.oer5f (.text.MMCSD_v2_close)
                  41c18f58    000000ae     sciclient_direct.aer5f : sciclient.oer5f (.text.Sciclient_servicePrepareHeader)
                  41c19006    000000ae     rm_pm_hal.aer5f : clk.oer5f (.text.clk_get)
                  41c190b4    000000ae     ti.drv.mmcsd.aer5f : MMCSD_soc.oer5f (.text.mmcsd_tuning_procedure_EMMC_manual)
                  41c19162    000000ae                        : MMCSD_soc.oer5f (.text.mmcsd_tuning_procedure_SD_manual)
                  41c19210    000000aa     ti.drv.spi.dma.aer5f : OSPI_dma.oer5f (.text.OSPI_dmaConfig)
                  41c192ba    000000aa     sciclient_direct.aer5f : sciclient_pm.oer5f (.text.Sciclient_pmSetModuleClkFreq)
                  41c19364    000000aa     rm_pm_hal.aer5f : device_process.oer5f (.text.get_device_handler)
                  41c1940e    000000a8     ti.drv.spi.dma.aer5f : OSPI_dma.oer5f (.text.OSPI_udmaTrpdInit)
                  41c194b6    000000a8     udma.aer5f : udma_event.oer5f (.text.Udma_eventIsrFxn)
                  41c1955e    000000a8     rm_pm_hal.aer5f : rm_ir.oer5f (.text.ir_clear_rom_mapping)
                  41c19606    000000a6     ti.drv.i2c.aer5f : I2C_v1.oer5f (.text.I2C_v1_recoverBus)
                  41c196ac    000000a6     ti.drv.mmcsd.aer5f : MMCSD_v2.oer5f (.text.MMCSD_v2_cmdStatusFxn)
                  41c19752    000000a6     rm_pm_hal.aer5f : clk_mux_j7_dpi.oer5f (.text.clk_mux_j7_dpi_1_clk_out_set_parent)
                  41c197f8    000000a6                     : clk_mux_j7_dpi.oer5f (.text.clk_mux_j7_dpi_2_pclk_set_parent)
                  41c1989e    000000a6                     : clk_pll_16fft.oer5f (.text.clk_pll_16fft_postdiv_set_div)
                  41c19944    000000a4     ti.csl.aer5f : csl_ospi.oer5f (.text.CSL_ospiCmdWrite)
                  41c199e8    000000a4     ti.drv.spi.dma.aer5f : OSPI_v0.oer5f (.text.OSPI_waitDeviceReady)
                  41c19a8c    000000a2     qspi.oer5f (.text.UFP_qspiFlashImage)
                  41c19b2e    000000a2     rm_pm_hal.aer5f : device.oer5f (.text.devices_deinit)
                  41c19bd0    000000a0     ti.board.aer5f : board_ethernet_config.oer5f (.text.Board_ethPhyExtendedRegWrite)
                  41c19c70    000000a0     sciclient_direct.aer5f : sciclient_rm_irq.oer5f (.text.Sciclient_rmIrInpIsFree)
                  41c19d10    000000a0     rm_pm_hal.aer5f : psc.oer5f (.text.psc_drop_pwr_up_ref)
                  41c19db0    000000a0                     : clock.oer5f (.text.set_freq_handler)
                  41c19e50    000000a0     libc.a : memset32.S.obj (.text:memset)
                  41c19ef0    0000009e     ti.csl.aer5f : csl_bcdma.oer5f (.text.CSL_bcdmaChanOpDecChanStats)
                  41c19f8e    0000009e                  : mmcsd.oer5f (.text.HSMMCSDCommandSend)
                  41c1a02c    0000009e     sciclient_direct.aer5f : sciclient.oer5f (.text.Sciclient_serviceGetThreadIds)
                  41c1a0ca    0000009e     rm_pm_hal.aer5f : clk.oer5f (.text.clk_generic_set_freq_parent)
                  41c1a168    00000008     ti.csl.aer5f : csl_ospi.oer5f (.text.CSL_ospiGetDualByteOpcodeMode)
                  41c1a170    0000009c     sciclient_direct.aer5f : sciclient_direct.oer5f (.text.boardcfgRmFindCertSize)
                  41c1a20c    0000009c     rm_pm_hal.aer5f : clk_div.oer5f (.text.clk_div_reg_set_div)
                  41c1a2a8    0000009c                     : clk_pll_16fft.oer5f (.text.clk_pll_16fft_postdiv_set_freq)
                  41c1a344    0000009c                     : rm_ia.oer5f (.text.rm_ia_vint_map)
                  41c1a3e0    0000009c                     : rm_udmap.oer5f (.text.rm_udmap_init)
                  41c1a47c    0000009a     ti.drv.mmcsd.aer5f : MMCSD_v2.oer5f (.text.mmcsd_tuning_procedure)
                  41c1a516    00000098     rm_pm_hal.aer5f : clk_pll_16fft.oer5f (.text.clk_pll_16fft_get_state)
                  41c1a5ae    00000096     ti.csl.aer5f : mmcsdphy.oer5f (.text.HSMMCSDSoftPhyConfigure)
                  41c1a644    00000096     rm_pm_hal.aer5f : clk.oer5f (.text.clk_deinit_pm_devgrp)
                  41c1a6da    00000096                     : clk.oer5f (.text.clk_notify_sibling_freq)
                  41c1a770    00000094     ti.csl.aer5f : mmcsdphy.oer5f (.text.HSMMCSDPhyInit)
                  41c1a804    00000094     sciclient_direct.aer5f : sciclient.oer5f (.text.Sciclient_ISR)
                  41c1a898    00000092     ti.drv.uart.aer5f : UART_v1.oer5f (.text.UART_v1_readData)
                  41c1a92a    00000090     ti.csl.aer5f : csl_bcdma.oer5f (.text.CSL_bcdmaChanOpGetChanStats)
                  41c1a9ba    00000006     ti.osal.aer5f : CacheP_nonos.oer5f (.text.CacheP_wbInv)
                  41c1a9c0    00000090     ti.board.aer5f : nor_spi_phy_tune.oer5f (.text.NOR_spiPhyAvgVtmTemp)
                  41c1aa50    00000090     sciclient_direct.aer5f : sciclient_boardcfg.oer5f (.text.Sciclient_boardCfgRm)
                  41c1aae0    00000090                            : sciclient_boardcfg.oer5f (.text.Sciclient_boardCfgSec)
                  41c1ab70    00000090     ti.drv.uart.aer5f : UART_v1.oer5f (.text.UART_writeData_v1)
                  41c1ac00    00000090     rm_pm_hal.aer5f : rm_ia.oer5f (.text.ia_set_oes_evt)
                  41c1ac90    00000090                     : mmr_lock.oer5f (.text.mmr_lock_all)
                  41c1ad20    0000008e     sciclient_direct.aer5f : sciclient_boardcfg.oer5f (.text.Sciclient_boardCfg)
                  41c1adae    0000008e     rm_pm_hal.aer5f : psc.oer5f (.text.lpsc_module_clk_put)
                  41c1ae3c    0000008c     sciclient_direct.aer5f : sciclient_boardcfg.oer5f (.text.Sciclient_boardCfgPm)
                  41c1aec8    0000008c     rm_pm_hal.aer5f : rm_core.oer5f (.text.rm_core_get_resource_range)
                  41c1af54    0000008a     udma.aer5f : udma_ring_common.oer5f (.text.Udma_ringFree)
                  41c1afde    0000008a     rm_pm_hal.aer5f : rm_ra.oer5f (.text.rm_ra_validate_ring_index)
                  41c1b068    0000008a                     : clock.oer5f (.text.set_clock_handler)
                  41c1b0f2    00000002     --HOLE-- [fill = 00000000]
                  41c1b0f4    00000088     libc.a : _ltoa.c.obj (.text.__TI_ltoa)
                  41c1b17c    00000088            : _printfi.c.obj (.text._ecpy)
                  41c1b204    00000088     rm_pm_hal.aer5f : clk_dev.oer5f (.text.clk_from_device_get_state)
                  41c1b28c    00000086     sciclient_direct.aer5f : sciclient_pm.oer5f (.text.Sciclient_pmGetModuleClkNumParent)
                  41c1b312    00000086                            : sciclient_pm.oer5f (.text.Sciclient_pmGetModuleClkParent)
                  41c1b398    00000086     rm_pm_hal.aer5f : psc.oer5f (.text.lpsc_module_set_local_reset)
                  41c1b41e    00000086                     : psc.oer5f (.text.lpsc_module_set_module_reset)
                  41c1b4a4    00000086                     : psc.oer5f (.text.lpsc_module_set_reset_iso)
                  41c1b52a    00000086                     : rm_proxy.oer5f (.text.proxy_set_ring_evt)
                  41c1b5b0    00000084     sciclient_direct.aer5f : sciclient_pm.oer5f (.text.Sciclient_pmModuleGetClkStatus)
                  41c1b634    00000084                            : sciclient_rm_irq.oer5f (.text.Sciclient_rmTranslateIrqInput)
                  41c1b6b8    00000084                            : sciclient_secureproxy.oer5f (.text.Sciclient_sendMessage)
                  41c1b73c    00000084     rm_pm_hal.aer5f : device_clk.oer5f (.text.get_dev_clk)
                  41c1b7c0    00000084                     : rm_core.oer5f (.text.rm_core_resasg_validate_resource)
                  41c1b844    00000084                     : rm_ir.oer5f (.text.rm_ir_init)
                  41c1b8c8    00000082     ti.csl.aer5f : csl_vim.oer5f (.text.CSL_vimCfgIntr)
                  41c1b94a    00000082                  : i2c.oer5f (.text.I2CMasterInitExpClk)
                  41c1b9cc    00000082     ti.board.aer5f : nor_xspi.oer5f (.text.Nor_xspiRead)
                  41c1ba4e    00000082     sciclient_direct.aer5f : sciclient_rom.oer5f (.text.Sciclient_bootNotification)
                  41c1bad0    00000082                            : sciclient_pm.oer5f (.text.Sciclient_pmGetModuleState)
                  41c1bb52    00000082                            : sciclient_rm_irq.oer5f (.text.Sciclient_rmTranslateIntOutput)
                  41c1bbd4    00000082     rm_pm_hal.aer5f : rm_core.oer5f (.text.core_resasg_get_range)
                  41c1bc56    00000082                     : rm_ia.oer5f (.text.rm_ia_vint_unmap)
                  41c1bcd8    00000082                     : rm_ra.oer5f (.text.rm_ra_is_managed_resasg_utype)
                  41c1bd5a    00000082                     : rm_udmap.oer5f (.text.rm_udmap_flow_delegate)
                  41c1bddc    00000080     ti.board.aer5f : nand_ospi.oer5f (.text.Nand_ospiErase)
                  41c1be5c    00000080     sciclient_direct.aer5f : sciclient_rm_irq.oer5f (.text.Sciclient_rmIrOutpIsFree)
                  41c1bedc    00000080     libc.a : _printfi.c.obj (.text._pconv_f)
                  41c1bf5c    00000080     rm_pm_hal.aer5f : rm_ir.oer5f (.text.rm_ir_get_outp)
                  41c1bfdc    0000007e     ti.board.aer5f : nand_ospi.oer5f (.text.Nand_ospiPageLoad)
                  41c1c05a    0000007e     sciclient_direct.aer5f : sciclient.oer5f (.text.Sciclient_configPrmsInit)
                  41c1c0d8    0000007e                            : sciclient_pm.oer5f (.text.Sciclient_pmModuleClkRequest)
                  41c1c156    0000007e                            : sciclient_pm.oer5f (.text.Sciclient_pmSetModuleClkParent)
                  41c1c1d4    0000007e     rm_pm_hal.aer5f : clk_mux.oer5f (.text.clk_mux_set_parent)
                  41c1c252    0000007e                     : device_clk.oer5f (.text.device_clk_init)
                  41c1c2d0    0000007c     libc.a : s_frexp.c.obj (.text.frexp)
                  41c1c34c    0000007c     rm_pm_hal.aer5f : rm_ia.oer5f (.text.ia_get_oes_evt)
                  41c1c3c8    0000007c                     : rm_proxy.oer5f (.text.proxy_get_ring_evt)
                  41c1c444    0000007c                     : rm_udmap.oer5f (.text.udmap_check_index_range)
                  41c1c4c0    0000007a     ti.drv.uart.aer5f : UART_soc.oer5f (.text.UART_socInit)
                  41c1c53a    0000007a     rm_pm_hal.aer5f : psc.oer5f (.text.lpsc_module_clk_get)
                  41c1c5b4    0000007a                     : rm_irq.oer5f (.text.rm_irq_oes_src_register)
                  41c1c62e    00000078     ti.csl.aer5f : csl_ospi.oer5f (.text.CSL_ospiPhyResyncDll)
                  41c1c6a6    00000078     ti.board.aer5f : nor_xspi.oer5f (.text.Nor_xspiRegWrite)
                  41c1c71e    00000078     rm_pm_hal.aer5f : clk.oer5f (.text.clk_put)
                  41c1c796    00000078                     : psc.oer5f (.text.psc_pd_wait)
                  41c1c80e    00000076     ti.board.aer5f : board_ethernet_config.oer5f (.text.Board_ethPhyExtendedRegRead)
                  41c1c884    00000076     uart_main.oer5f (.text.UFP_uartConfig)
                  41c1c8fa    00000076     xmodem.oer5f (.text.UFP_xModemHeaderReceive)
                  41c1c970    00000076     rm_pm_hal.aer5f : clk_mux.oer5f (.text.clk_mux_get_parent)
                  41c1c9e6    00000076                     : resource.oer5f (.text.resource_get)
                  41c1ca5c    00000074     ti.csl.aer5f : mmcsd.oer5f (.text.HSMMCSDAdmaAddressSet)
                  41c1cad0    00000074     ti.board.aer5f : nor_xspi.oer5f (.text.Nor_xspiWaitReady)
                  41c1cb44    00000074     sciclient_direct.aer5f : sciclient_rm_irq.oer5f (.text.Sciclient_rmIrqGetNode)
                  41c1cbb8    00000074     rm_pm_hal.aer5f : clk_mux_j7_dpi.oer5f (.text.clk_mux_j7_dpi_3_pclk_get_parent)
                  41c1cc2c    00000074                     : rm_ia.oer5f (.text.ia_unmap_clear_rom_mapping)
                  41c1cca0    00000074                     : rm_ra.oer5f (.text.ra_check_index_range)
                  41c1cd14    00000074                     : device_psc.oer5f (.text.soc_device_get_state)
                  41c1cd88    00000072     ti.drv.mmcsd.aer5f : MMCSD_v2.oer5f (.text.mmcsd_send_tuning)
                  41c1cdfa    00000072                        : MMCSD_v2.oer5f (.text.mmcsd_send_tuning_eMMC)
                  41c1ce6c    00000072     rm_pm_hal.aer5f : rm_udmap.oer5f (.text.udmap_clear_rom_oes)
                  41c1cede    00000070     ti.csl.aer5f : csl_ospi.oer5f (.text.CSL_ospiConfigPhyDLL)
                  41c1cf4e    00000070     rm_pm_hal.aer5f : clk_div.oer5f (.text.clk_div_reg_get_div)
                  41c1cfbe    00000070                     : rm_core.oer5f (.text.rm_core_resasg_get_utype_index)
                  41c1d02e    00000070                     : rm_ra.oer5f (.text.rm_ra_deinit)
                  41c1d09e    00000070                     : rm_udmap.oer5f (.text.udmap_check_flow_index)
                  41c1d10e    0000006e     ti.board.aer5f : board_mmr.oer5f (.text.Board_unlockMMRPartition)
                  41c1d17c    0000006e     ti.csl.aer5f : lpddr4.oer5f (.text.LPDDR4_Start)
                  41c1d1ea    0000006e     emmc.oer5f (.text.UFP_emmcFlashErase)
                  41c1d258    0000006c     ti.csl.aer5f : interrupt_register.oer5f (.text.Intc_IntRegister)
                  41c1d2c4    0000006c     sciclient_direct.aer5f : sciclient_rm_irq.oer5f (.text.Sciclient_rmIrqCfgIsEventToVintMappingOnly)
                  41c1d330    0000006c     libc.a : atoi.c.obj (.text.atoi)
                  41c1d39c    0000006c     rm_pm_hal.aer5f : clk.oer5f (.text.clk_notify_freq)
                  41c1d408    0000006c                     : device_clk.oer5f (.text.device_clk_get_hw_ready)
                  41c1d474    0000006c                     : psc.oer5f (.text.lpsc_module_get_local_reset)
                  41c1d4e0    0000006c                     : psc.oer5f (.text.lpsc_module_put_internal)
                  41c1d54c    0000006c                     : rm_udmap.oer5f (.text.rm_udmap_deinit)
                  41c1d5b8    0000006a     ti.csl.aer5f : csl_ospi.oer5f (.text.CSL_ospiCmdExtRead)
                  41c1d622    0000006a     ti.drv.uart.aer5f : UART_v1.oer5f (.text.UART_writePolling_v1)
                  41c1d68c    0000006a     rm_pm_hal.aer5f : clk_mux_j7_dpi.oer5f (.text.clk_mux_j7_dpi_1_clk_out_get_parent)
                  41c1d6f6    0000006a                     : clk_mux_j7_dpi.oer5f (.text.clk_mux_j7_dpi_2_pclk_get_parent)
                  41c1d760    0000006a                     : rm_proxy.oer5f (.text.rm_proxy_init)
                  41c1d7ca    0000006a                     : rm_ra.oer5f (.text.rm_ra_mon_cfg)
                  41c1d834    00000068     ti.board.aer5f : board_clock.oer5f (.text.Board_moduleClockEnable)
                  41c1d89c    00000004     ti.csl.aer5f : csl_ospi.oer5f (.text.CSL_ospiIntrStatus)
                  41c1d8a0    00000068     ti.board.aer5f : nor_spi_phy_tune.oer5f (.text.Nor_spiPhyTune)
                  41c1d908    00000068     ti.drv.uart.aer5f : UART_v1.oer5f (.text.UART_close_v1)
                  41c1d970    00000068     udma.aer5f : udma_ring_common.oer5f (.text.Udma_ringQueueRaw)
                  41c1d9d8    00000068     rm_pm_hal.aer5f : clk_div.oer5f (.text.clk_div_reg_go_get_div)
                  41c1da40    00000068                     : clk_pll_16fft.oer5f (.text.clk_pll_16fft_bypass)
                  41c1daa8    00000066     sciclient_direct.aer5f : sciclient_procboot.oer5f (.text.Sciclient_procBootSetSequenceCtrl)
                  41c1db0e    00000066     rm_pm_hal.aer5f : clk_pllctrl.oer5f (.text.clk_pllctrl_mux_get_parent)
                  41c1db74    00000066                     : psc.oer5f (.text.lpsc_module_get_reset_iso)
                  41c1dbda    00000066                     : rm_ir.oer5f (.text.rm_ir_clear)
                  41c1dc40    00000064     ti.csl.aer5f : csl_bcdma.oer5f (.text.CSL_bcdmaDoChanOp)
                  41c1dca4    00000064                  : mmcsd.oer5f (.text.HSMMCSDBusWidthSet)
                  41c1dd08    00000064     ti.drv.i2c.aer5f : I2C_v1.oer5f (.text.I2C_v1_waitForPin)
                  41c1dd6c    00000064     rm_pm_hal.aer5f : clk.oer5f (.text.clk_get_state)
                  41c1ddd0    00000064                     : clock.oer5f (.text.get_clock_parent_handler)
                  41c1de34    00000064                     : clock.oer5f (.text.get_num_clock_parents_handler)
                  41c1de98    00000064                     : psc.oer5f (.text.lpsc_module_get_state)
                  41c1defc    00000064     libc.a : vsnprintf.c.obj (.text.vsnprintf)
                  41c1df60    00000064     ufp_misc.oer5f (.text)
                  41c1dfc4    00000062     ti.board.aer5f : board_clock.oer5f (.text.Board_moduleClockInitMcu)
                  41c1e026    00000062     ti.csl.aer5f : mmcsd.oer5f (.text.HSMMCSDDataSet)
                  41c1e088    00000062     udma.aer5f : udma_utils.oer5f (.text.Udma_printf)
                  41c1e0ea    00000062     rm_pm_hal.aer5f : pll.oer5f (.text.pll_init)
                  41c1e14c    00000060     ti.csl.aer5f : mmcsd.oer5f (.text.HSMMCSDLinesReset)
                  41c1e1ac    00000060     ti.drv.i2c.aer5f : I2C_v1.oer5f (.text.I2C_v1_waitForBb)
                  41c1e20c    00000060     ti.board.aer5f : nor_qspi.oer5f (.text.Nor_qspiRead)
                  41c1e26c    00000060     sciclient_direct.aer5f : sciclient_pm.oer5f (.text.Sciclient_pmSetModuleState)
                  41c1e2cc    00000060     ti.csl.aer5f : uart.oer5f (.text.UARTIntDisable)
                  41c1e32c    00000060     udma.aer5f : udma_ring_common.oer5f (.text.Udma_ringDequeueRaw)
                  41c1e38c    00000060     libc.a : _printfi.c.obj (.text._fcpy)
                  41c1e3ec    00000060     rm_pm_hal.aer5f : clk_pll_16fft.oer5f (.text.clk_pll_16fft_postdiv_get_div)
                  41c1e44c    0000005e     ti.board.aer5f : common.oer5f (.text.Board_i2c8BitRegWr)
                  41c1e4aa    0000005e     ti.csl.aer5f : csl_bcdma.oer5f (.text.CSL_bcdmaGetCfg)
                  41c1e508    0000005e     ti.board.aer5f : nand_ospi.oer5f (.text.Nand_ospiDisableWriteProtection)
                  41c1e566    0000005e     ti.osal.aer5f : RegisterIntr_nonos.oer5f (.text.Osal_RegisterInterrupt)
                  41c1e5c4    0000005e     rm_pm_hal.aer5f : rm_proxy.oer5f (.text.rm_proxy_deinit)
                  41c1e622    0000005c     ti.csl.aer5f : csl_bcdma.oer5f (.text.CSL_bcdmaChanOpSetChanPause)
                  41c1e67e    0000005c                  : mmcsd.oer5f (.text.HSMMCSDDataGet)
                  41c1e6da    0000005c     ti.osal.aer5f : delay.oer5f (.text.Osal_delay)
                  41c1e736    0000005c     ti.drv.uart.aer5f : UART_v1.oer5f (.text.UART_read_v1)
                  41c1e792    0000005c                       : UART_v1.oer5f (.text.UART_write_v1)
                  41c1e7ee    0000005c     rm_pm_hal.aer5f : clk_mux_j7_dpi.oer5f (.text.clk_mux_j7_dpi_0_pclk_get_parent)
                  41c1e84a    0000005c                     : device_psc.oer5f (.text.soc_device_get_context_loss_count)
                  41c1e8a6    0000005c                     : device_psc.oer5f (.text.soc_device_set_resets)
                  41c1e902    0000005c                     : device_psc.oer5f (.text.soc_device_verify_mapping)
                  41c1e95e    0000005a     sciclient_direct.aer5f : sciclient_rm.oer5f (.text.Sciclient_rmGetResourceRange)
                  41c1e9b8    0000005a                            : sciclient_rm_irq.oer5f (.text.Sciclient_rmPsPop)
                  41c1ea12    0000005a     udma.aer5f : udma_ch.oer5f (.text.UdmaChPrms_init)
                  41c1ea6c    0000005a     rm_pm_hal.aer5f : clk_div.oer5f (.text.clk_div_init)
                  41c1eac6    0000005a                     : device_clk.oer5f (.text.device_clk_set_freq_change)
                  41c1eb20    0000005a                     : device_clk.oer5f (.text.device_clk_set_ssc)
                  41c1eb7a    00000058     ti.csl.aer5f : mmcsd.oer5f (.text.HSMMCSDBusPower)
                  41c1ebd2    00000058                  : interrupt.oer5f (.text.Intc_Init)
                  41c1ec2a    00000058     ti.drv.spi.dma.aer5f : OSPI_dma.oer5f (.text.OSPI_udmaMemcpy)
                  41c1ec82    00000058     ti.drv.uart.aer5f : UART_stdio.oer5f (.text.UART_stdioInit)
                  41c1ecda    00000002     --HOLE-- [fill = 00000000]
                  41c1ecdc    00000058     libc.a : vsnprintf.c.obj (.text._outs)
                  41c1ed34    00000058     rm_pm_hal.aer5f : clk.oer5f (.text.clk_get_parent_freq)
                  41c1ed8c    00000058                     : device_clk.oer5f (.text.get_dev_clk_data)
                  41c1ede4    00000058                     : clock.oer5f (.text.get_freq_handler)
                  41c1ee3c    00000058     libc.a : autoinit.c.obj (.text:__TI_auto_init_nobinit_nopinit)
                  41c1ee94    00000056     ti.board.aer5f : board_clock.oer5f (.text.Board_moduleClockInitMain)
                  41c1eeea    00000056     ti.csl.aer5f : interrupt_register.oer5f (.text.Intc_IntUnregister)
                  41c1ef40    00000056     ti.drv.spi.dma.aer5f : OSPI_v0.oer5f (.text.OSPI_cmdExtRead)
                  41c1ef96    00000056     ti.csl.aer5f : uart.oer5f (.text.UARTIntEnable)
                  41c1efec    00000056     rm_pm_hal.aer5f : device_pm.oer5f (.text.device_disable)
                  41c1f042    00000056                     : init.oer5f (.text.pm_init)
                  41c1f098    00000056                     : clock.oer5f (.text.set_clock_parent_handler)
                  41c1f0ee    00000056                     : device_psc.oer5f (.text.soc_device_disable)
                  41c1f144    00000056                     : device_psc.oer5f (.text.soc_device_get_resets)
                  41c1f19a    00000054     ti.csl.aer5f : csl_bcdma.oer5f (.text.CSL_bcdmaChanOpGetChanRT)
                  41c1f1ee    00000054                  : csl_intaggr.oer5f (.text.CSL_intaggrIsIntrPending)
                  41c1f242    00000054     ti.drv.spi.dma.aer5f : OSPI_v0.oer5f (.text.OSPI_flashExecCmd)
                  41c1f296    00000054     sciclient_direct.aer5f : sciclient_pm.oer5f (.text.Sciclient_pmSetModuleRst)
                  41c1f2ea    00000054     qspi.oer5f (.text.UFP_qspiFlashErase)
                  41c1f33e    00000054     qspi.oer5f (.text.UFP_qspiInit)
                  41c1f392    00000054     udma.aer5f : udma_ch.oer5f (.text.UdmaChTxPrms_init)
                  41c1f3e6    00000054     ti.osal.aer5f : Arch_util.oer5f (.text.osalArch_TimestampGet64)
                  41c1f43a    00000054     rm_pm_hal.aer5f : rm_proxy.oer5f (.text.rm_proxy_cfg)
                  41c1f48e    00000054                     : device_psc.oer5f (.text.soc_device_enable)
                  41c1f4e2    00000054                     : device_psc.oer5f (.text.soc_device_ret_disable)
                  41c1f536    00000054                     : device_psc.oer5f (.text.soc_device_ret_enable)
                  41c1f58a    00000052     ti.drv.spi.dma.aer5f : OSPI_v0.oer5f (.text.OSPI_cmdRead)
                  41c1f5dc    00000050     ti.board.aer5f : board_mmr.oer5f (.text.Board_lockMMRPartition)
                  41c1f62c    00000050     ti.drv.i2c.aer5f : I2C_v1.oer5f (.text.I2C_close_v1)
                  41c1f67c    00000050     ti.drv.spi.dma.aer5f : OSPI_v0.oer5f (.text.OSPI_close_v0)
                  41c1f6cc    00000050                          : SPI_drv.oer5f (.text.OSPI_open)
                  41c1f71c    00000050     sciclient_direct.aer5f : sciclient_rm.oer5f (.text.Sciclient_rmIrqReleaseRaw)
                  41c1f76c    00000050                            : sciclient_rm.oer5f (.text.Sciclient_rmIrqSetRaw)
                  41c1f7bc    00000050                            : sciclient_rm.oer5f (.text.Sciclient_rmPsilPair)
                  41c1f80c    00000050                            : sciclient_rm.oer5f (.text.Sciclient_rmPsilRead)
                  41c1f85c    00000050                            : sciclient_rm.oer5f (.text.Sciclient_rmPsilUnpair)
                  41c1f8ac    00000050                            : sciclient_rm.oer5f (.text.Sciclient_rmPsilWrite)
                  41c1f8fc    00000050                            : sciclient_rm.oer5f (.text.Sciclient_rmRingCfg)
                  41c1f94c    00000050                            : sciclient_rm.oer5f (.text.Sciclient_rmUdmapFlowCfg)
                  41c1f99c    00000050                            : sciclient_rm.oer5f (.text.Sciclient_rmUdmapFlowSizeThreshCfg)
                  41c1f9ec    00000050                            : sciclient_rm.oer5f (.text.Sciclient_rmUdmapRxChCfg)
                  41c1fa3c    00000050                            : sciclient_rm.oer5f (.text.Sciclient_rmUdmapTxChCfg)
                  41c1fa8c    00000050     ti.drv.uart.aer5f : UART_v1.oer5f (.text.UART_readCancelNoCB)
                  41c1fadc    00000050     ti.drv.mmcsd.aer5f : MMCSD_v2.oer5f (.text.mmcsd_check_transfer_ready)
                  41c1fb2c    00000050     rm_pm_hal.aer5f : rm_ra.oer5f (.text.ra_clear_rom_oes)
                  41c1fb7c    0000004e     ti.csl.aer5f : mmcsd.oer5f (.text.HSMMCSDSoftReset)
                  41c1fbca    0000004e                  : lpddr4.oer5f (.text.LPDDR4_ReadReg)
                  41c1fc18    0000004e     sciclient_direct.aer5f : sciclient.oer5f (.text.Sciclient_abiCheck)
                  41c1fc66    0000004e                            : sciclient_rm_irq.oer5f (.text.Sciclient_rmIrqUnmappedVintRouteDelete)
                  41c1fcb4    0000004e     rm_pm_hal.aer5f : clk_mux_j7_dpi.oer5f (.text.clk_mux_j7_dpi_0_pclk_set_parent)
                  41c1fd02    0000004c     ti.csl.aer5f : csl_udmap.oer5f (.text.CSL_udmapTeardownRxChan)
                  41c1fd4e    0000004c                  : csl_udmap.oer5f (.text.CSL_udmapTeardownTxChan)
                  41c1fd9a    0000004c     sciclient_direct.aer5f : sciclient_secureproxy.oer5f (.text.Sciclient_flush)
                  41c1fde6    0000004c                            : sciclient_boardcfg.oer5f (.text.Sciclient_getDefaultBoardCfgInfo)
                  41c1fe32    0000004c     ospi.oer5f (.text.UFP_ospiFlashErase)
                  41c1fe7e    0000004c     ospi.oer5f (.text.UFP_ospiInit)
                  41c1feca    0000004c     ospi_nand.oer5f (.text.UFP_ospiNandFlashErase)
                  41c1ff16    0000004c     ospi_nand.oer5f (.text.UFP_ospiNandInit)
                  41c1ff62    0000004c     rm_pm_hal.aer5f : psc.oer5f (.text.lpsc_module_get_internal)
                  41c1ffae    00000002     --HOLE-- [fill = 00000000]
                  41c1ffb0    0000004c     libc.a : memmov.c.obj (.text.memmove)
                  41c1fffc    0000004c     rm_pm_hal.aer5f : psc.oer5f (.text.psc_lookup)
                  41c20048    0000004c                     : psc.oer5f (.text.psc_lookup_lpsc)
                  41c20094    0000004a     ti.csl.aer5f : csl_intaggr.oer5f (.text.CSL_intaggrClrIntr)
                  41c200de    0000004a     ti.drv.i2c.aer5f : I2C_v1.oer5f (.text.I2C_v1_complete_curr_transfer)
                  41c20128    0000004a     ti.csl.aer5f : lpddr4.oer5f (.text.LPDDR4_WritePhyIndepConfig)
                  41c20172    0000004a     ti.board.aer5f : nor_spi_phy_tune.oer5f (.text.NOR_spiPhyFindRxLow)
                  41c201bc    0000004a     ti.csl.aer5f : uart.oer5f (.text.UARTFIFORegisterWrite)
                  41c20206    0000004a     rm_pm_hal.aer5f : psc.oer5f (.text.pd_initiate)
                  41c20250    0000004a                     : device_psc.oer5f (.text.soc_device_set_reset_iso)
                  41c2029a    00000048     ti.csl.aer5f : csl_bcdma.oer5f (.text.CSL_bcdmaChanOpSetChanRT)
                  41c202e2    00000048                  : mmcsd.oer5f (.text.HSMMCSDResponseGet)
                  41c2032a    00000048     ti.board.aer5f : nand_ospi.oer5f (.text.NAND_ospiCmdRead)
                  41c20372    00000048                    : nor_qspi.oer5f (.text.Nor_qspiWaitReady)
                  41c203ba    00000048     ti.csl.aer5f : uart.oer5f (.text.UARTSubConfigTCRTLRModeEn)
                  41c20402    00000048     soc.oer5f (.text.UFP_loadSysFW)
                  41c2044a    00000048     udma.aer5f : udma_ch.oer5f (.text.Udma_psilcfgRead)
                  41c20492    00000048     rm_pm_hal.aer5f : device_clk.oer5f (.text.device_clk_enable)
                  41c204da    00000002     --HOLE-- [fill = 00000000]
                  41c204dc    00000048     libc.a : memccpy.c.obj (.text.memccpy)
                  41c20524    00000046     ti.csl.aer5f : mmcsd.oer5f (.text.HSMMCSDUhsModeSet)
                  41c2056a    00000046                  : lpddr4.oer5f (.text.LPDDR4_WritePhyConfig)
                  41c205b0    00000046     ti.board.aer5f : nor_spi_phy_tune.oer5f (.text.NOR_spiPhyFindTxLow)
                  41c205f6    00000046                    : nor_qspi.oer5f (.text.Nor_qspiReadId)
                  41c2063c    00000046     udma.aer5f : udma_ch.oer5f (.text.UdmaChRxPrms_init)
                  41c20682    00000046                : udma_flow.oer5f (.text.UdmaFlowPrms_init)
                  41c206c8    00000046     rm_pm_hal.aer5f : clk.oer5f (.text.clk_ssc_allow)
                  41c2070e    00000046                     : rm_irq.oer5f (.text.irq_cfg_is_ir_cfg)
                  41c20754    00000046                     : rm_irq.oer5f (.text.irq_cfg_is_oes_only)
                  41c2079a    00000046                     : rm_ia.oer5f (.text.rm_ia_is_managed_resasg_utype)
                  41c207e0    00000046                     : device_psc.oer5f (.text.soc_device_get_reset_iso)
                  41c20826    00000046                     : rm_udmap.oer5f (.text.udmap_get_inst)
                  41c2086c    00000044     ti.board.aer5f : nor_spi_phy_tune.oer5f (.text.NOR_spiPhyFindRxHigh)
                  41c208b0    00000044                    : nor_spi_phy_tune.oer5f (.text.NOR_spiPhyFindTxHigh)
                  41c208f4    00000044                    : nand_ospi.oer5f (.text.Nand_ospiSetDummyCycle)
                  41c20938    00000044                    : nor_qspi.oer5f (.text.Nor_qspiCmdWrite)
                  41c2097c    00000044                    : nor_xspi.oer5f (.text.Nor_xspiCmdRead)
                  41c209c0    00000044                    : nor_xspi.oer5f (.text.Nor_xspiCmdWrite)
                  41c20a04    00000044     sciclient_direct.aer5f : sciclient.oer5f (.text.Sciclient_getCurrentContext)
                  41c20a48    00000044     ti.drv.uart.aer5f : UART_drv.oer5f (.text.UART_init)
                  41c20a8c    00000044     rm_pm_hal.aer5f : clk.oer5f (.text.clk_ssc_block)
                  41c20ad0    00000044                     : rm_irq.oer5f (.text.irq_cfg_is_ia_cfg)
                  41c20b14    00000044                     : psc.oer5f (.text.psc_pd_clk_put)
                  41c20b58    00000042     ti.board.aer5f : board_ethernet_config.oer5f (.text.BoardDiag_ethPhyRegRead)
                  41c20b9a    00000042     ti.osal.aer5f : SemaphoreP_nonos.oer5f (.text.SemaphoreP_pend)
                  41c20bdc    00000042     udma.aer5f : udma_ch.oer5f (.text.Udma_psilcfgWrite)
                  41c20c1e    00000042     rm_pm_hal.aer5f : clk_div.oer5f (.text.clk_div_get_freq)
                  41c20c60    00000042                     : clk.oer5f (.text.clk_drop_pwr_up_en)
                  41c20ca2    00000042                     : device_clk.oer5f (.text.device_clk_disable)
                  41c20ce4    00000042                     : psc.oer5f (.text.psc_lookup_pd)
                  41c20d26    00000042                     : rm_ra.oer5f (.text.ra_check_monitor_index_range)
                  41c20d68    00000042                     : rm_ia.oer5f (.text.rm_ia_deinit)
                  41c20daa    00000042                     : device_process.oer5f (.text.set_device_resets_handler)
                  41c20dec    00000040     ti.csl.aer5f : csl_cache.oer5f (.text.CSL_armR5CacheInv)
                  41c20e2c    00000040                  : csl_bcdma.oer5f (.text.CSL_bcdmaChanOpSetBurstSize)
                  41c20e6c    00000040     ti.drv.i2c.aer5f : I2C_soc.oer5f (.text.I2C_socInit)
                  41c20eac    00000040     ti.csl.aer5f : lpddr4.oer5f (.text.LPDDR4_WriteCtlConfig)
                  41c20eec    00000040     ti.drv.mmcsd.aer5f : MMCSD_drv.oer5f (.text.MMCSD_init)
                  41c20f2c    00000040     ti.csl.aer5f : uart.oer5f (.text.UARTTCRTLRBitValRestore)
                  41c20f6c    00000040     emmc.oer5f (.text.UFP_emmcFlashImage)
                  41c20fac    00000040     emmc.oer5f (.text.UFP_emmcInit)
                  41c20fec    00000040     sciclient_direct.aer5f : sciclient_direct.oer5f (.text.boardcfg_RmAdjustReq)
                  41c2102c    00000040     xmodem.oer5f (.text.check)
                  41c2106c    00000040     rm_pm_hal.aer5f : clk_pll_16fft.oer5f (.text.clk_pll_16fft_disable_cal)
                  41c210ac    00000040                     : rm_ir.oer5f (.text.rm_ir_deinit)
                  41c210ec    00000040                     : map.oer5f (.text.u32map_get)
                  41c2112c    0000003e     ti.csl.aer5f : csl_ospi.oer5f (.text.CSL_ospiConfigRead)
                  41c2116a    0000003e                  : mmcsd.oer5f (.text.HSMMCSDCardTuningGet)
                  41c211a8    0000003e     ti.drv.uart.aer5f : UART_v1.oer5f (.text.UART_writeCancelNoCB)
                  41c211e6    0000003e     rm_pm_hal.aer5f : clk_mux.oer5f (.text.clk_get_parent)
                  41c21224    0000003e                     : device_clk.oer5f (.text.dev_get_clk)
                  41c21262    0000003c     ti.csl.aer5f : csl_cache.oer5f (.text.CSL_armR5CacheWbInv)
                  41c2129e    0000003c                  : mmcsd.oer5f (.text.HSMMCSDIsIntClockStable)
                  41c212da    0000003c     rm_pm_hal.aer5f : clk.oer5f (.text.clk_value_set_freq)
                  41c21316    0000003c                     : device_clk.oer5f (.text.device_clk_get_num_parents)
                  41c21352    0000003c                     : device.oer5f (.text.devices_init_rw)
                  41c2138e    0000003c                     : rm_irq.oer5f (.text.irq_validate_global_event)
                  41c213ca    0000003a     ti.board.aer5f : board_pll.oer5f (.text.Board_PLLInitMain)
                  41c21404    0000003a                    : board_pll.oer5f (.text.Board_PLLInitMcu)
                  41c2143e    0000003a     ti.drv.i2c.aer5f : I2C_drv.oer5f (.text.I2C_init)
                  41c21478    0000003a     ti.board.aer5f : nor_qspi.oer5f (.text.NOR_qspiCmdRead)
                  41c214b2    0000003a     udma.aer5f : udma_ch.oer5f (.text.Udma_psilcfgSetRtEnable)
                  41c214ec    0000003a     rm_pm_hal.aer5f : boardcfg-user.oer5f (.text.boardcfg_pm_receive_and_validate)
                  41c21526    0000003a                     : clk_pll_16fft.oer5f (.text.clk_pll_16fft_cal_option3)
                  41c21560    00000038     ti.board.aer5f : board_ethernet_config.oer5f (.text.Board_cpsw2gMainEthConfig)
                  41c21598    00000038     ti.csl.aer5f : csl_vim.oer5f (.text.CSL_vimSetIntrEnable)
                  41c215d0    00000038                  : mmcsd.oer5f (.text.HSMMCSDIntClock)
                  41c21608    00000038                  : mmcsd.oer5f (.text.HSMMCSDIntrDisable)
                  41c21640    00000038                  : mmcsd.oer5f (.text.HSMMCSDIntrEnable)
                  41c21678    00000038                  : mmcsd.oer5f (.text.HSMMCSDIntrStatusDisable)
                  41c216b0    00000038                  : mmcsd.oer5f (.text.HSMMCSDIntrStatusEnable)
                  41c216e8    00000038                  : mmcsdphy.oer5f (.text.HSMMCSDSoftPhyInit)
                  41c21720    00000038     ti.board.aer5f : nor_spi_phy_tune.oer5f (.text.NOR_spiPhyRdAttack)
                  41c21758    00000038                    : nand_ospi.oer5f (.text.Nand_ospiCmdWrite)
                  41c21790    00000038     sciclient_direct.aer5f : sciclient_direct.oer5f (.text.Sciclient_pmSetMsgProxy)
                  41c217c8    00000038     ti.drv.uart.aer5f : UART_v1.oer5f (.text.UART_charPut_v1)
                  41c21800    00000038     udma.aer5f : udma_ch.oer5f (.text.Udma_psilcfgSetEnable)
                  41c21838    00000038     rm_pm_hal.aer5f : clk_fixed.oer5f (.text.clk_fixed_get_freq)
                  41c21870    00000038                     : device_pm.oer5f (.text.device_suspend)
                  41c218a8    00000038                     : rm_irq.oer5f (.text.rm_irq_is_managed_resasg_utype)
                  41c218e0    00000036     ti.csl.aer5f : csl_udmap.oer5f (.text.CSL_udmapSetChanPeerReg)
                  41c21916    00000036                  : csl_vim.oer5f (.text.CSL_vimGetActivePendingIntr)
                  41c2194c    00000036     ti.drv.spi.dma.aer5f : OSPI_v0.oer5f (.text.OSPI_waitWriteSramLvl)
                  41c21982    00000036     sciclient_direct.aer5f : sciclient_direct.oer5f (.text.Sciclient_pmSetCpuResetMsgProxy)
                  41c219b8    00000036     udma.aer5f : udma_event.oer5f (.text.UdmaEventPrms_init)
                  41c219ee    00000036                : udma_ring_common.oer5f (.text.UdmaRingPrms_init)
                  41c21a24    00000036     rm_pm_hal.aer5f : device_clk.oer5f (.text.device_clk_get_freq)
                  41c21a5a    00000036                     : rm_ra.oer5f (.text.ra_get_inst)
                  41c21a90    00000036                     : device_psc.oer5f (.text.soc_device_ret_disable_internal)
                  41c21ac6    00000036                     : device_psc.oer5f (.text.soc_device_ret_enable_internal)
                  41c21afc    00000034     ti.csl.aer5f : lpddr4.oer5f (.text.LPDDR4_PollCtlIrq)
                  41c21b30    00000034     ti.board.aer5f : nor_xspi.oer5f (.text.Nor_xspiResetMemory)
                  41c21b64    00000034     ti.drv.spi.dma.aer5f : OSPI_dma.oer5f (.text.OSPI_dmaTransfer)
                  41c21b98    00000034     ti.drv.uart.aer5f : UART_v1.oer5f (.text.UART_v1_callback)
                  41c21bcc    00000034     soc.oer5f (.text.UFP_GetCertLen)
                  41c21c00    00000034     udma.aer5f : udma_rm.oer5f (.text.Udma_rmTranslateCoreIntrInput)
                  41c21c34    00000034                : udma_rm.oer5f (.text.Udma_rmTranslateIrOutput)
                  41c21c68    00000034     rm_pm_hal.aer5f : clk.oer5f (.text.clk_get_freq)
                  41c21c9c    00000032     ti.csl.aer5f : lpddr4_32bit.oer5f (.text.LPDDR4_CheckCtlInterrupt)
                  41c21cce    00000032                  : uart.oer5f (.text.UARTCharGetTimeout)
                  41c21d00    00000032     rm_pm_hal.aer5f : device_pm.oer5f (.text.device_set_retention)
                  41c21d32    00000032                     : rm_core.oer5f (.text.rm_core_validate_devgrp)
                  41c21d64    00000030     ti.csl.aer5f : csl_fss.oer5f (.text.CSL_fssOspiSetXipPrefetchEnable)
                  41c21d94    00000030                  : csl_udmap.oer5f (.text.CSL_udmapGetChanPeerReg)
                  41c21dc4    00000030                  : mmcsd.oer5f (.text.HSMMCSDDmaSelect)
                  41c21df4    00000030     ti.drv.i2c.aer5f : I2C_soc.oer5f (.text.I2C_socGetInitCfg)
                  41c21e24    00000030                      : I2C_soc.oer5f (.text.I2C_socSetInitCfg)
                  41c21e54    00000030     ti.csl.aer5f : lpddr4_32bit.oer5f (.text.LPDDR4_AckCtlInterrupt)
                  41c21e84    00000030     ti.drv.spi.dma.aer5f : SPI_drv.oer5f (.text.OSPI_close)
                  41c21eb4    00000030     ti.osal.aer5f : SemaphoreP_nonos.oer5f (.text.SemaphoreP_delete)
                  41c21ee4    00000030     libc.a : vsnprintf.c.obj (.text._outc)
                  41c21f14    00000030     rm_pm_hal.aer5f : clk_div.oer5f (.text.clk_get_div)
                  41c21f44    00000030                     : clk.oer5f (.text.clk_value_get_freq)
                  41c21f74    00000030                     : rm_ia.oer5f (.text.ia_get_inst)
                  41c21fa4    00000030                     : rm_ir.oer5f (.text.rm_ir_is_managed_resasg_utype)
                  41c21fd4    0000002e     ti.board.aer5f : board_lld_init.oer5f (.text.Board_getI2CHandle)
                  41c22002    0000002e     ti.csl.aer5f : csl_udmap.oer5f (.text.CSL_udmapSetRxRT)
                  41c22030    0000002e                  : csl_udmap.oer5f (.text.CSL_udmapSetTxRT)
                  41c2205e    0000002e     ti.drv.mmcsd.aer5f : MMCSD_drv.oer5f (.text.MMCSD_open)
                  41c2208c    0000002e     ti.board.aer5f : nand.oer5f (.text.NAND_open)
                  41c220ba    0000002e                    : nor.oer5f (.text.NOR_open)
                  41c220e8    0000002e     ti.drv.spi.dma.aer5f : SPI_soc.oer5f (.text.OSPI_socGetInitCfg)
                  41c22116    0000002e                          : SPI_soc.oer5f (.text.OSPI_socSetInitCfg)
                  41c22144    0000002e     ti.osal.aer5f : TimerP_nonos.oer5f (.text.TimerP_getTimeInUsecs)
                  41c22172    0000002e     udma.aer5f : udma_ch.oer5f (.text.Udma_chGetCqRingNum)
                  41c221a0    0000002e     rm_pm_hal.aer5f : clk_pll_16fft.oer5f (.text.clk_pll_16fft_set_state)
                  41c221ce    0000002e                     : rm_ir.oer5f (.text.ir_get_inst)
                  41c221fc    0000002e     ti.osal.aer5f : TimestampProvider_asm.oer5f (.text)
                  41c2222a    0000002c     ti.board.aer5f : board_ethernet_config.oer5f (.text.Board_ethConfigCpsw2g)
                  41c22256    0000002c     ti.csl.aer5f : csl_ospi.oer5f (.text.CSL_ospiCmd2Addr)
                  41c22282    0000002c                  : csl_udmap.oer5f (.text.CSL_udmapGetRxRT)
                  41c222ae    0000002c                  : csl_udmap.oer5f (.text.CSL_udmapGetTxRT)
                  41c222da    0000002c                  : mmcsd.oer5f (.text.HSMMCSDIntrStatusGet)
                  41c22306    0000002c     ti.osal.aer5f : HwiP_nonos.oer5f (.text.HwiP_create)
                  41c22332    0000002c     ti.csl.aer5f : i2c.oer5f (.text.I2CBufferStatus)
                  41c2235e    0000002c     ti.board.aer5f : nor.oer5f (.text.NOR_read)
                  41c2238a    0000002c                    : nor.oer5f (.text.NOR_write)
                  41c223b6    0000002c     ti.osal.aer5f : Arch_util.oer5f (.text.OsalArch_HwiPDelete)
                  41c223e2    00000006     ti.csl.aer5f : mmcsd.oer5f (.text.HSMMCSDIntrGet)
                  41c223e8    0000002c     libclang_rt.builtins.a : divsi3.S.obj (.text.__divsi3)
                  41c22414    0000002a     ti.csl.aer5f : mmcsd.oer5f (.text.HSMMCSDBusVoltSet)
                  41c2243e    0000002a                  : mmcsd.oer5f (.text.HSMMCSDCardTuningSet)
                  41c22468    0000002a                  : interrupt.oer5f (.text.Intc_IntClrPend)
                  41c22492    0000002a     ti.board.aer5f : nor_spi_phy_tune.oer5f (.text.NOR_spiPhyConfig)
                  41c224bc    0000002a     ti.csl.aer5f : uart.oer5f (.text.UARTDivisorValCompute)
                  41c224e6    0000002a                  : uart.oer5f (.text.UARTSetTimeOutValue)
                  41c22510    0000002a     rm_pm_hal.aer5f : rm_ir.oer5f (.text.ir_clear_outp)
                  41c2253a    0000002a                     : osal_glue.oer5f (.text.osal_delay)
                  41c22564    00000028     ti.csl.aer5f : csl_bcdma.oer5f (.text.CSL_bcdmaGetChanPeerReg)
                  41c2258c    00000028                  : csl_vim.oer5f (.text.CSL_vimClrIntrPending)
                  41c225b4    00000028                  : mmcsd.oer5f (.text.HSMMCSDAdmaLengthSelect)
                  41c225dc    00000028                  : mmcsd.oer5f (.text.HSMMCSDDataTimeoutSet)
                  41c22604    00000028                  : mmcsd.oer5f (.text.HSMMCSDHostVer4Select)
                  41c2262c    00000028                  : mmcsd.oer5f (.text.HSMMCSDIsCardInserted)
                  41c22654    00000028                  : mmcsd.oer5f (.text.HSMMCSDSwitchSignalVoltage)
                  41c2267c    00000028     sciclient_direct.aer5f : sciclient_secureproxy.oer5f (.text.Sciclient_waitThread)
                  41c226a4    00000028     ti.osal.aer5f : SemaphoreP_nonos.oer5f (.text.SemaphoreP_post)
                  41c226cc    00000028     ti.drv.uart.aer5f : UART_soc.oer5f (.text.UART_socGetInitCfg)
                  41c226f4    00000028     udma.aer5f : udma_ch.oer5f (.text.Udma_chGetCqRingHandle)
                  41c2271c    00000028                : udma_ch.oer5f (.text.Udma_chGetFqRingHandle)
                  41c22744    00000028     rm_pm_hal.aer5f : clk_soc_hfosc0.oer5f (.text.clk_soc_hfosc0_get_freq)
                  41c2276c    00000028                     : dmsc.oer5f (.text.dmsc_init)
                  41c22794    00000028                     : rm_ia.oer5f (.text.rm_ia_validate_vint)
                  41c227bc    00000028                     : rm_ir.oer5f (.text.rm_ir_validate_output)
                  41c227e4    00000028     libc.a : _printfi.c.obj (.text.strchr)
                  41c2280c    00000026     ti.board.aer5f : board_utils.oer5f (.text.BOARD_delay)
                  41c22832    00000026     ti.csl.aer5f : csl_ospi.oer5f (.text.CSL_ospiReadFifoData)
                  41c22858    00000026                  : csl_ospi.oer5f (.text.CSL_ospiWriteFifoData)
                  41c2287e    00000026                  : mmcsd.oer5f (.text.HSMMCSDGetDataSignalLevel)
                  41c228a4    00000026                  : mmcsd.oer5f (.text.HSMMCSDHSModeSet)
                  41c228ca    00000026     ti.drv.spi.dma.aer5f : OSPI_dma.oer5f (.text.OSPI_dmaFreeChannel)
                  41c228f0    00000026     rm_pm_hal.aer5f : boardcfg-user.oer5f (.text.boardcfg_get_rm_devgrp)
                  41c22916    00000026                     : device_prepare.oer5f (.text.device_prepare_exclusive)
                  41c2293c    00000026                     : rm.oer5f (.text.rm_deinit)
                  41c22962    00000026                     : device_psc.oer5f (.text.soc_device_get_state_internal)
                  41c22988    00000024     ti.osal.aer5f : HwiP_nonos.oer5f (.text.HwiP_delete)
                  41c229ac    00000024     ti.board.aer5f : nand.oer5f (.text.NAND_read)
                  41c229d0    00000024                    : nand.oer5f (.text.NAND_write)
                  41c229f4    00000024     ti.osal.aer5f : RegisterIntr_nonos.oer5f (.text.Osal_RegisterInterrupt_initParams)
                  41c22a18    00000024     ti.csl.aer5f : uart.oer5f (.text.UARTCharGetNonBlocking2)
                  41c22a3c    00000024     ti.drv.uart.aer5f : UART_drv.oer5f (.text.UART_Params_init)
                  41c22a60    00000024                       : UART_soc.oer5f (.text.UART_socSetInitCfg)
                  41c22a84    00000024     libclang_rt.builtins.a : aeabi_uldivmod.S.obj (.text.__aeabi_uldivmod)
                  41c22aa8    00000024     libc.a : args_main.c.obj (.text._args_main)
                  41c22acc    00000024     rm_pm_hal.aer5f : rm_ia.oer5f (.text.rm_ia_vint_get_info)
                  41c22af0    00000024                     : rm.oer5f (.text.rm_init)
                  41c22b14    00000024                     : device_psc.oer5f (.text.soc_device_disable_internal)
                  41c22b38    00000024                     : device_psc.oer5f (.text.soc_device_enable_internal)
                  41c22b5c    00000022     ti.board.aer5f : board_pinmux.oer5f (.text.Board_pinmuxConfig)
                  41c22b7e    00000022     ti.csl.aer5f : csl_bcdma.oer5f (.text.CSL_bcdmaSetChanPeerReg)
                  41c22ba0    00000022                  : csl_ospi.oer5f (.text.CSL_ospiCmdRead)
                  41c22bc2    00000022                  : mmcsd.oer5f (.text.HSMMCSDBlkLenSet)
                  41c22be4    00000022                  : mmcsd.oer5f (.text.HSMMCSDIntrStatusClear)
                  41c22c06    00000022     ti.drv.i2c.aer5f : I2C_drv.oer5f (.text.I2C_open)
                  41c22c28    00000022     ti.csl.aer5f : interrupt.oer5f (.text.Intc_IntPrioritySet)
                  41c22c4a    00000022     ti.board.aer5f : nor_spi_phy_tune.oer5f (.text.Nor_spiPhyTuneReset)
                  41c22c6c    00000022     sciclient_direct.aer5f : sciclient_secureproxy.oer5f (.text.Sciclient_readThread32)
                  41c22c8e    00000022     ti.drv.uart.aer5f : UART_v1.oer5f (.text.UART_writeCancel_v1)
                  41c22cb0    00000022     udma.aer5f : udma_utils.oer5f (.text.Udma_virtToPhyFxn)
                  41c22cd2    00000022     rm_pm_hal.aer5f : device_clk.oer5f (.text.device_clk_set_input_term)
                  41c22cf4    00000022                     : clk_pll_16fft.oer5f (.text.pll_16fft_pllm_valid)
                  41c22d16    00000022                     : rm_proxy.oer5f (.text.rm_proxy_is_managed_resasg_utype)
                  41c22d38    00000020     ti.board.aer5f : board_utils.oer5f (.text.Board_getSocDomain)
                  41c22d58    00000020                    : board_utils.oer5f (.text.Board_setI2cInitConfig)
                  41c22d78    00000020     ti.csl.aer5f : csl_dru.oer5f (.text.CSL_druChSetEvent)
                  41c22d98    00000020                  : csl_ospi.oer5f (.text.CSL_ospiSetChipSelect)
                  41c22db8    00000020     ti.drv.mmcsd.aer5f : MMCSD_soc.oer5f (.text.MMCSD_socPhyConfigure)
                  41c22dd8    00000020     ti.board.aer5f : nand_ospi.oer5f (.text.Nand_ospiClose)
                  41c22df8    00000020                    : nor_xspi.oer5f (.text.Nor_xspiClose)
                  41c22e18    00000020     ti.drv.spi.dma.aer5f : SPI_drv.oer5f (.text.OSPI_Params_init)
                  41c22e38    00000020     sciclient_direct.aer5f : sciclient_direct.oer5f (.text.Sciclient_queryFwCapsHandler)
                  41c22e58    00000020     ti.csl.aer5f : uart.oer5f (.text.UARTCharPutNonBlocking)
                  41c22e78    00000020     rm_pm_hal.aer5f : rm_irq.oer5f (.text.irq_trace_remaining_params)
                  41c22e98    00000020     libc.a : wcslen.c.obj (.text.wcslen)
                  41c22eb8    0000001e     ti.csl.aer5f : csl_bcdma.oer5f (.text.CSL_bcdmaTeardownRxChan)
                  41c22ed6    0000001e                  : csl_bcdma.oer5f (.text.CSL_bcdmaTeardownTxChan)
                  41c22ef4    0000001e                  : csl_dru.oer5f (.text.CSL_druChEnable)
                  41c22f12    0000001e                  : csl_dru.oer5f (.text.CSL_druChTeardown)
                  41c22f30    0000001e                  : csl_ospi.oer5f (.text.CSL_ospiWriteSetup)
                  41c22f4e    0000001e                  : csl_vim.oer5f (.text.CSL_vimAckIntr)
                  41c22f6c    0000001e                  : mmcsd.oer5f (.text.HSMMCSDEnhancedStrobeSet)
                  41c22f8a    0000001e     ti.drv.mmcsd.aer5f : MMCSD_soc.oer5f (.text.MMCSD_socPhyInit)
                  41c22fa8    0000001e     ti.csl.aer5f : uart.oer5f (.text.UARTIsTransmitterEmpty)
                  41c22fc6    0000001e     emmc.oer5f (.text.UFP_emmcClose)
                  41c22fe4    0000001e     udma.aer5f : udma_ring_common.oer5f (.text.Udma_ringGetNum)
                  41c23002    0000001e     rm_pm_hal.aer5f : device_clk.oer5f (.text.device_clk_set_freq)
                  41c23020    0000001e                     : resource.oer5f (.text.device_resource_mem)
                  41c2303e    0000001e                     : notifier.oer5f (.text.notifier_call)
                  41c2305c    0000001e                     : sleep.oer5f (.text.sleep_modes_register)
                  41c2307a    0000001e                     : core.oer5f (.text.sys_reset_handler)
                  41c23098    0000001c     ti.csl.aer5f : csl_ospi.oer5f (.text.CSL_ospiSetWrCompAutoPolling)
                  41c230b4    0000001c                  : mmcsd.oer5f (.text.HSMMCSDUhsDrvStrengthSet)
                  41c230d0    0000001c     ti.drv.i2c.aer5f : I2C_drv.oer5f (.text.I2C_transactionInit)
                  41c230ec    0000001c     ti.csl.aer5f : interrupt.oer5f (.text.Intc_IntDisable)
                  41c23108    0000001c                  : interrupt.oer5f (.text.Intc_IntEnable)
                  41c23124    0000001c                  : lpddr4.oer5f (.text.LPDDR4_Init)
                  41c23140    0000001c     ti.board.aer5f : nor.oer5f (.text.NOR_erase)
                  41c2315c    0000001c     ti.csl.aer5f : low_level_hw.oer5f (.text.SdhcRegisterWriteFieldDWord)
                  41c23178    0000001c                  : low_level_hw.oer5f (.text.SdhcWriteRegisterFieldValueByte)
                  41c23194    0000001c                  : low_level_hw.oer5f (.text.SdhcWriteRegisterFieldValueDWord)
                  41c231b0    0000001c     udma.aer5f : udma_utils.oer5f (.text.UdmaUtils_getRingMemSize)
                  41c231cc    0000001c     rm_pm_hal.aer5f : psc.oer5f (.text.psc_read)
                  41c231e8    0000001c                     : device_psc.oer5f (.text.soc_device_get_context_loss_count_internal)
                  41c23204    0000001c     libc.a : _printfi.c.obj (.text.strlen)
                  41c23220    0000001a     ti.csl.aer5f : csl_ospi.oer5f (.text.CSL_ospiSetDevDelay)
                  41c2323a    0000001a                  : mmcsdphy.oer5f (.text.HSMMCSDPhyDisableDLL)
[...]
41c2e5b4  tisci_if_I2C5                                                                              
41c2e5b8  tisci_if_I2C6                                                                              
41c2e5bc  tisci_if_J7AEP_GPU_BXS464_WRAP0                                                            
41c2e5c0  tisci_if_J7AEP_GPU_BXS464_WRAP0_GPU_SS_0                                                   
41c2e5c4  tisci_if_MCSPI0                                                                            
41c2e5c8  tisci_if_MCSPI1                                                                            
41c2e5cc  tisci_if_MCSPI2                                                                            
41c2e5d0  tisci_if_MCSPI3                                                                            
41c2e5d4  tisci_if_MCSPI4                                                                            
41c2e5d8  tisci_if_MCSPI5                                                                            
41c2e5dc  tisci_if_MCSPI6                                                                            
41c2e5e0  tisci_if_MCSPI7                                                                            
41c2e5e4  tisci_if_MCU_NAVSS0_UDMASS_INTA_0                                                          
41c2e5e8  tisci_if_MMCSD0                                                                            
41c2e5ec  tisci_if_MMCSD1                                                                            
41c2e5f0  tisci_if_NAVSS0_CPTS_0                                                                     
41c2e5f4  tisci_if_NAVSS0_MODSS_INTA_0                                                               
41c2e5f8  tisci_if_NAVSS0_MODSS_INTA_1                                                               
41c2e5fc  tisci_if_NAVSS0_PVU_0                                                                      
41c2e600  tisci_if_NAVSS0_PVU_1                                                                      
41c2e604  tisci_if_NAVSS0_UDMASS_INTA_0                                                              
41c2e608  tisci_if_TIMER0                                                                            
41c2e60c  tisci_if_TIMER10                                                                           
41c2e610  tisci_if_TIMER11                                                                           
41c2e614  tisci_if_TIMER12                                                                           
41c2e618  tisci_if_TIMER13                                                                           
41c2e61c  tisci_if_TIMER1                                                                            
41c2e620  tisci_if_TIMER2                                                                            
41c2e624  tisci_if_TIMER3                                                                            
41c2e628  tisci_if_TIMER4                                                                            
41c2e62c  tisci_if_TIMER5                                                                            
41c2e630  tisci_if_TIMER6                                                                            
41c2e634  tisci_if_TIMER7                                                                            
41c2e638  tisci_if_TIMER8                                                                            
41c2e63c  tisci_if_TIMER9                                                                            
41c2e640  tisci_if_UART0                                                                             
41c2e644  tisci_if_UART1                                                                             
41c2e648  tisci_if_UART2                                                                             
41c2e64c  tisci_if_UART3                                                                             
41c2e650  tisci_if_UART4                                                                             
41c2e654  tisci_if_UART5                                                                             
41c2e658  tisci_if_UART6                                                                             
41c2e65c  tisci_if_UART7                                                                             
41c2e660  tisci_if_UART8                                                                             
41c2e664  tisci_if_UART9                                                                             
41c2e668  tisci_if_VPAC0                                                                             
41c2e66c  tisci_if_WKUP_GPIO0                                                                        
41c2e670  tisci_if_WKUP_GPIO1                                                                        
41c2e674  udmap_inst_count                                                                           
41c2e680  DDRSS0_phyReg                                                                              
41c2fcbc  DDRSS1_phyReg                                                                              
41c3223c  DDRSS_phyRegNum                                                                            
41c32d5a  gIrqRangeQueryFirstTime                                                                    
41c32d5c  argArray                                                                                   
41c3355c  fxnArray                                                                                   
41c33d5c  DELAY                                                                                      
41c33d60  intrSrcType                                                                                
41c34560  DDRSS0_ctlReg                                                                              
41c34c8c  DDRSS1_ctlReg                                                                              
41c353b8  DDRSS0_phyIndepReg                                                                         
41c35868  DDRSS1_phyIndepReg                                                                         
41c35d18  intrPri                                                                                    
41c36118  DDRSS_ctlRegNum                                                                            
41c364b0  uartInitCfg                                                                                
41c367f8  DDRSS_phyIndepRegNum                                                                       
41c36a50  ospiInitCfg                                                                                
41c36ca8  resasg_indexer                                                                             
41c36ed8  intrMap                                                                                    
41c370d8  Board_flashInfo                                                                            
41c37298  gBoardClkModuleMainIDGroup2                                                                
41c37428  ia_inst                                                                                    
41c37598  udmap_inst                                                                                 
41c37700  ra_inst                                                                                    
41c37838  i2cInitCfg                                                                                 
41c37950  vint_usage_count_MCU_NAVSS0_UDMASS_INTA_0                                                  
41c37a50  vint_usage_count_NAVSS0_UDMASS_INTA_0                                                      
41c37b50  MMCSDInitCfg                                                                               
41c37c48  ir_inst                                                                                    
41c37d28  gRmIrInstances                                                                             
41c37de8  I2C_config                                                                                 
41c37e90  UART_config                                                                                
41c37f14  gRmIaInstances                                                                             
41c37f94  nor_attack_vector                                                                          
41c38014  gBoardUartBaseAddr                                                                         
41c38104  gBoardClkModuleMcuIDInitGroup2                                                             
41c38174  gBoardI2cObj                                                                               
41c38384  gJ721S2_WkupPinmuxData                                                                     
41c383e4  proxy_inst                                                                                 
41c38444  gSciclientHandle                                                                           
41c384a0  gBoardI2cBaseAddr                                                                          
41c38544  gJ721S2_MainPinmuxData                                                                     
41c386ac  vint_usage_count_NAVSS0_MODSS_INTA_0                                                       
41c386ec  vint_usage_count_NAVSS0_MODSS_INTA_1                                                       
41c3872c  gUfpBaudRateList                                                                           
41c387a0  Nand_ospiInfo                                                                              
41c387d4  gExptnHandlers                                                                             
41c388ac  Nor_qspiInfo                                                                               
41c388d0  Nor_xspiInfo                                                                               
41c388f4  gBoardClkModuleMainIDInitGroup1                                                            
41c38918  gBoardClkModuleMcuIDInitGroupl                                                             
41c38960  gOsal_HwAttrs                                                                              
41c38980  gSciclient_secProxyCfg                                                                     
41c389a0  gSciclient_secProxyCfg_rom                                                                 
41c389e0  UPF_flashFxnPtr                                                                            
41c38c68  Nor_config                                                                                 
41c38d6c  Nand_config                                                                                
41c38da0  gBoardI2cInitCfg                                                                           
41c38db0  gBoardInitParams                                                                           
41c38dd0  uart_stdio                                                                                 
41c38dd8  __aeabi_errno                                                                              
41c38de0  gCurrentProcessorState                                                                     
41c38de4  gEmmcHandle                                                                                
41c38dec  gOsalHwiAllocCnt                                                                           
41c38df0  gOsalHwiPeak                                                                               
41c38df4  gOsalSemAllocCnt                                                                           
41c38df8  gOsalSemPeak                                                                               
41c38dfc  gRomSeqNum                                                                                 
41c38e0c  gUfpUartHandle                                                                             
41c38e10  mmcsd_emuwait_trap                                                                         
41c38e20  pSciclient_secProxyCfg                                                                     
41c38e30  uart_baseAddr                                                                              
41c38e37  gOsalArchConfig                                                                            
41c38e3d  uart_inst                                                                                  
41c3af80  gDataCheckBuff                                                                             
41c3bf80  gDataRxBuff                                                                                
41c3cf80  soc_devices                                                                                
41c3dd48  soc_clocks                                                                                 
41c3e6b0  UartObjects                                                                                
41c3ed40  MMCSDObjects                                                                               
41c3f2f0  semStructs                                                                                 
41c3f7f0  soc_clock_values                                                                           
41c3fce4  OspiObjects                                                                                
41c3fff4  adma2_desc                                                                                 
41c40400  I2cObjects                                                                                 
41c40a48  gBoardDdrObject                                                                            
41c40c18  Nand_intf                                                                                  
41c40c1c  Nor_intf                                                                                   
41c40c20  gOspiHandle                                                                                
41c40c24  gQspiHandle                                                                                
41c40c28  gVimBaseAddr                                                                               
41c448a8  _sys_memory                                                                                
41c46900  gSciclient_boardCfgLow                                                                     
41c46980  gSciclient_boardCfgLow_rm                                                                  
41c47900  gSciclient_boardCfgLow_sec                                                                 
41c47a80  gSciclient_boardCfgLow_pm                                                                  
41c49591  CSL_armR5MPUCfg                                                                            
41c4964d  __mpu_init                                                                                 
41c496e9  CSL_armR5StartupGetCpuID                                                                   
41c49701  CSL_startupVimSetIntrEnable                                                                
41c4973d  CSL_startupVimClrIntrPending                                                               
41c4976b  CSL_armR5StartupCacheEnableAllCache                                                        
41c4977b  CSL_armR5StartupCacheEnableForceWrThru                                                     
41c49793  CSL_armR5StartupCacheEnableICache                                                          
41c497bb  CSL_armR5StartupCacheEnableDCache                                                          
41c497e3  CSL_armR5StartupCacheInvalidateAllIcache                                                   
41c497f9  CSL_armR5StartupCacheInvalidateAllDcache                                                   
41c4980f  CSL_armR5StartupCacheInvalidateAllCache                                                    
41c4981f  CSL_armR5StartupMpuEnable                                                                  
41c4983f  CSL_armR5StartupMpuCfgRegion                                                               
41c49859  CSL_armR5StartupReadMpidrReg                                                               
41c49863  CSL_armR5StartupFpuEnable                                                                  
41c49883  CSL_armR5StartupIntrEnableVic                                                              
41c4989f  CSL_armR5StartupIntrEnableFiq                                                              
41c498b7  CSL_armR5StartupIntrEnableIrq                                                              
41c498cf  CSL_armR5SetDLFOBit                                                                        
41c498e8  gCslR5MpuCfg                                                                               
41c49ba8  gMemAttr                                                                                   
41c49eac  _c_int00                                                                                   
41c49f85  HF                                                                                         
41c49f98  __TI_static_base__                                                                         
41c4c3a0  __TI_Handler_Table_Base                                                                    
41c4c3ac  __TI_Handler_Table_Limit                                                                   
41c4c3cc  __TI_CINIT_Base                                                                            
41c4c3f4  __TI_CINIT_Limit                                                                           
41c4c3f4  __TI_CINIT_Warm                                                                            
41c79000  __UND_STACK_START                                                                          
41c79800  __SVC_STACK_START                                                                          
41c79800  __UND_STACK_END                                                                            
41c7b800  __IRQ_STACK_START                                                                          
41c7b800  __SVC_STACK_END                                                                            
41c7c800  __FIQ_STACK_START                                                                          
41c7c800  __IRQ_STACK_END                                                                            
41c7d800  __ABORT_STACK_START                                                                        
41c7d800  __FIQ_STACK_END                                                                            
41c7e000  __ABORT_STACK_END                                                                          
41c7e000  __stack                                                                                    
41c80000  __STACK_END                                                                                
41c80000  gSysFirmware                                                                               
ffffffff  __TI_pprof_out_hndl                                                                        
ffffffff  __TI_prof_data_size                                                                        
ffffffff  __TI_prof_data_start                                                                       
ffffffff  __binit__                                                                                  
ffffffff  binit                                                                                      
UNDEFED   __c_args__                                                                                 
UNDEFED   _system_post_cinit                                                                         

[1511 symbols]
